Component: ARM Compiler 5.06 update 6 (build 750) Tool: armlink [4d35ed]

==============================================================================

Section Cross References

    main.o(.text) refers to _printf_percent.o(.ARM.Collect$$_printf_percent$$00000000) for _printf_percent
    main.o(.text) refers to _printf_d.o(.ARM.Collect$$_printf_percent$$00000009) for _printf_d
    main.o(.text) refers to _printf_dec.o(.text) for _printf_int_dec
    main.o(.text) refers to _printf_f.o(.ARM.Collect$$_printf_percent$$00000003) for _printf_f
    main.o(.text) refers to printf1.o(x$fpl$printf1) for _printf_fp_dec
    main.o(.text) refers to misc.o(.text) for NVIC_PriorityGroupConfig
    main.o(.text) refers to delay.o(.text) for delay_init
    main.o(.text) refers to key.o(.text) for KEY_Init
    main.o(.text) refers to drv_oled.o(.text) for OLED_Init
    main.o(.text) refers to adc.o(.text) for Adc_Init
    main.o(.text) refers to exti.o(.text) for EXTIX_Init
    main.o(.text) refers to timer.o(.text) for TIM3_Int_Init
    main.o(.text) refers to usart.o(.text) for uart_init
    main.o(.text) refers to booth.o(.text) for BOOTH_Init
    main.o(.text) refers to data.o(.text) for State_data_procee
    main.o(.text) refers to noretval__2sprintf.o(.text) for __2sprintf
    main.o(.text) refers to t423.o(.data) for step_number
    main.o(.text) refers to booth.o(.data) for mode
    main.o(.text) refers to lmt70.o(.data) for temperate
    system_stm32f4xx.o(.text) refers to system_stm32f4xx.o(.data) for SystemCoreClock
    key.o(.text) refers to stm32f4xx_rcc.o(.text) for RCC_AHB1PeriphClockCmd
    key.o(.text) refers to stm32f4xx_gpio.o(.text) for GPIO_Init
    key.o(.text) refers to delay.o(.text) for delay_ms
    key.o(.text) refers to key.o(.data) for key_up
    key.o(.text) refers to t423.o(.data) for step_flag
    key.o(.text) refers to lmt70.o(.data) for Lmt71_flag
    drv_oled.o(.text) refers to drv_oled.o(.bss) for OLED_GRAM
    drv_oled.o(.text) refers to drv_oled.o(.constdata) for asc2_1206
    drv_oled.o(.text) refers to stm32f4xx_rcc.o(.text) for RCC_AHB1PeriphClockCmd
    drv_oled.o(.text) refers to stm32f4xx_gpio.o(.text) for GPIO_Init
    adc.o(.text) refers to stm32f4xx_rcc.o(.text) for RCC_AHB1PeriphClockCmd
    adc.o(.text) refers to stm32f4xx_gpio.o(.text) for GPIO_Init
    adc.o(.text) refers to stm32f4xx_adc.o(.text) for ADC_CommonInit
    adc.o(.text) refers to delay.o(.text) for delay_ms
    30205.o(.text) refers to myiic.o(.text) for IIC_Start
    30205.o(.text) refers to dflt_clz.o(x$fpl$dflt) for __aeabi_i2d
    30205.o(.text) refers to dmul.o(x$fpl$dmul) for __aeabi_dmul
    jy901.o(.text) refers to f2d.o(x$fpl$f2d) for __aeabi_f2d
    jy901.o(.text) refers to fabs.o(i.__hardfp_fabs) for __hardfp_fabs
    jy901.o(.text) refers to dleqf.o(x$fpl$dleqf) for __aeabi_cdcmple
    jy901.o(.text) refers to jy901.o(.bss) for acc_rebuff
    jy901.o(.text) refers to jy901.o(.data) for acc_counter
    lmt70.o(.text) refers to ddiv.o(x$fpl$ddiv) for __aeabi_ddiv
    lmt70.o(.text) refers to d2f.o(x$fpl$d2f) for __aeabi_d2f
    lmt70.o(.text) refers to adc.o(.text) for Get_Adc_Average
    lmt70.o(.text) refers to f2d.o(x$fpl$f2d) for __aeabi_f2d
    lmt70.o(.text) refers to dmul.o(x$fpl$dmul) for __aeabi_dmul
    lmt70.o(.text) refers to daddsub_clz.o(x$fpl$dadd) for __aeabi_dadd
    lmt70.o(.text) refers to drleqf.o(x$fpl$drleqf) for __aeabi_cdrcmple
    lmt70.o(.text) refers to rand.o(.emb_text) for rand
    lmt70.o(.text) refers to dleqf.o(x$fpl$dleqf) for __aeabi_cdcmple
    lmt70.o(.text) refers to lmt70.o(.data) for Lmt71_flag
    lmt70.o(.text) refers to lmt70.o(.bss) for temp_arrey
    timer.o(.text) refers to stm32f4xx_rcc.o(.text) for RCC_APB1PeriphClockCmd
    timer.o(.text) refers to stm32f4xx_tim.o(.text) for TIM_TimeBaseInit
    timer.o(.text) refers to misc.o(.text) for NVIC_Init
    timer.o(.text) refers to stm32f4xx_usart.o(.text) for USART_SendData
    timer.o(.text) refers to jy901.o(.text) for distance
    timer.o(.text) refers to timer.o(.data) for recout
    timer.o(.text) refers to asd1292.o(.bss) for state_test
    timer.o(.text) refers to key.o(.data) for jy_901_flag
    timer.o(.text) refers to jy901.o(.data) for accx
    usr_c216.o(.text) refers to usr_c216.o(.data) for i
    usr_c216.o(.text) refers to usr_c216.o(.bss) for rebuffer_g
    t423.o(.text) refers to stm32f4xx_rcc.o(.text) for RCC_AHB1PeriphClockCmd
    t423.o(.text) refers to stm32f4xx_gpio.o(.text) for GPIO_Init
    t423.o(.text) refers to timer.o(.data) for t423_flag
    t423.o(.text) refers to t423.o(.data) for step_number
    exti.o(.text) refers to stm32f4xx_exti.o(.text) for EXTI_ClearITPendingBit
    exti.o(.text) refers to stm32f4xx_gpio.o(.text) for GPIO_ReadInputDataBit
    exti.o(.text) refers to delay.o(.text) for delay_ms
    exti.o(.text) refers to key.o(.text) for KEY_Init
    exti.o(.text) refers to t423.o(.text) for t423_init
[...]
    x$fpl$d2f                                0x080050a4   Section       98  d2f.o(x$fpl$d2f)
    $v0                                      0x080050a4   Number         0  d2f.o(x$fpl$d2f)
    x$fpl$dadd                               0x08005108   Section      336  daddsub_clz.o(x$fpl$dadd)
    $v0                                      0x08005108   Number         0  daddsub_clz.o(x$fpl$dadd)
    _dadd1                                   0x08005119   Thumb Code     0  daddsub_clz.o(x$fpl$dadd)
    x$fpl$dcmpinf                            0x08005258   Section       24  dcmpi.o(x$fpl$dcmpinf)
    $v0                                      0x08005258   Number         0  dcmpi.o(x$fpl$dcmpinf)
    x$fpl$ddiv                               0x08005270   Section      688  ddiv.o(x$fpl$ddiv)
    $v0                                      0x08005270   Number         0  ddiv.o(x$fpl$ddiv)
    ddiv_entry                               0x08005277   Thumb Code     0  ddiv.o(x$fpl$ddiv)
    x$fpl$dleqf                              0x08005520   Section      120  dleqf.o(x$fpl$dleqf)
    $v0                                      0x08005520   Number         0  dleqf.o(x$fpl$dleqf)
    x$fpl$dmul                               0x08005598   Section      340  dmul.o(x$fpl$dmul)
    $v0                                      0x08005598   Number         0  dmul.o(x$fpl$dmul)
    x$fpl$dnaninf                            0x080056ec   Section      156  dnaninf.o(x$fpl$dnaninf)
    $v0                                      0x080056ec   Number         0  dnaninf.o(x$fpl$dnaninf)
    x$fpl$dretinf                            0x08005788   Section       12  dretinf.o(x$fpl$dretinf)
    $v0                                      0x08005788   Number         0  dretinf.o(x$fpl$dretinf)
    x$fpl$drleqf                             0x08005794   Section      108  drleqf.o(x$fpl$drleqf)
    $v0                                      0x08005794   Number         0  drleqf.o(x$fpl$drleqf)
    x$fpl$dsub                               0x08005800   Section      468  daddsub_clz.o(x$fpl$dsub)
    $v0                                      0x08005800   Number         0  daddsub_clz.o(x$fpl$dsub)
    _dsub1                                   0x08005811   Thumb Code     0  daddsub_clz.o(x$fpl$dsub)
    x$fpl$f2d                                0x080059d4   Section       86  f2d.o(x$fpl$f2d)
    $v0                                      0x080059d4   Number         0  f2d.o(x$fpl$f2d)
    x$fpl$fnaninf                            0x08005a2a   Section      140  fnaninf.o(x$fpl$fnaninf)
    $v0                                      0x08005a2a   Number         0  fnaninf.o(x$fpl$fnaninf)
    x$fpl$fpinit                             0x08005ab6   Section       10  fpinit.o(x$fpl$fpinit)
    $v0                                      0x08005ab6   Number         0  fpinit.o(x$fpl$fpinit)
    x$fpl$fretinf                            0x08005ac0   Section       10  fretinf.o(x$fpl$fretinf)
    $v0                                      0x08005ac0   Number         0  fretinf.o(x$fpl$fretinf)
    x$fpl$printf1                            0x08005aca   Section        4  printf1.o(x$fpl$printf1)
    $v0                                      0x08005aca   Number         0  printf1.o(x$fpl$printf1)
    x$fpl$usenofp                            0x08005ace   Section        0  usenofp.o(x$fpl$usenofp)
    .constdata                               0x08005ad0   Section    13056  drv_oled.o(.constdata)
    my_font_1206                             0x08005ad0   Data          64  drv_oled.o(.constdata)
    my_font_1608                             0x08005b10   Data         128  drv_oled.o(.constdata)
    gbk_1212                                 0x08005b90   Data         256  drv_oled.o(.constdata)
    gbk_1616                                 0x08005c90   Data        3968  drv_oled.o(.constdata)
    gbk_3232                                 0x08006c10   Data         256  drv_oled.o(.constdata)
    asc2_1206                                0x08006d10   Data        1140  drv_oled.o(.constdata)
    asc2_3216                                0x08007184   Data        1664  drv_oled.o(.constdata)
    asc2_1608                                0x08007804   Data        1520  drv_oled.o(.constdata)
    asc2_2412                                0x08007df4   Data        3420  drv_oled.o(.constdata)
    bmp_lock                                 0x08008b50   Data         240  drv_oled.o(.constdata)
    raspberry_logo                           0x08008c40   Data         140  drv_oled.o(.constdata)
    bmp_battery                              0x08008ccc   Data         260  drv_oled.o(.constdata)
    .constdata                               0x08008dd0   Section      148  bigflt0.o(.constdata)
    tenpwrs_x                                0x08008dd0   Data          60  bigflt0.o(.constdata)
    tenpwrs_i                                0x08008e0c   Data          64  bigflt0.o(.constdata)
    locale$$data                             0x08008e84   Section       28  lc_numeric_c.o(locale$$data)
    __lcnum_c_name                           0x08008e88   Data           2  lc_numeric_c.o(locale$$data)
    __lcnum_c_start                          0x08008e90   Data           0  lc_numeric_c.o(locale$$data)
    __lcnum_c_point                          0x08008e9c   Data           0  lc_numeric_c.o(locale$$data)
    __lcnum_c_thousands                      0x08008e9e   Data           0  lc_numeric_c.o(locale$$data)
    __lcnum_c_grouping                       0x08008e9f   Data           0  lc_numeric_c.o(locale$$data)
    __lcnum_c_end                            0x08008ea0   Data           0  lc_numeric_c.o(locale$$data)
    .data                                    0x20000000   Section       20  system_stm32f4xx.o(.data)
    .data                                    0x20000014   Section        2  key.o(.data)
    key_up                                   0x20000015   Data           1  key.o(.data)
    .data                                    0x20000018   Section       64  jy901.o(.data)
    RxCheck                                  0x20000055   Data           1  jy901.o(.data)
    RxCount                                  0x20000056   Data           1  jy901.o(.data)
    i                                        0x20000057   Data           1  jy901.o(.data)
    .data                                    0x20000058   Section      120  lmt70.o(.data)
    temp                                     0x200000b0   Data           8  lmt70.o(.data)
    rechock                                  0x200000b8   Data           1  lmt70.o(.data)
    i                                        0x200000b9   Data           1  lmt70.o(.data)
    sum                                      0x200000c0   Data           8  lmt70.o(.data)
    avg                                      0x200000c8   Data           8  lmt70.o(.data)
    .data                                    0x200000d0   Section        7  timer.o(.data)
    recout                                   0x200000d6   Data           1  timer.o(.data)
    .data                                    0x200000d7   Section        3  t423.o(.data)
    .data                                    0x200000dc   Section        8  data.o(.data)
    i                                        0x200000df   Data           1  data.o(.data)
    temp_float                               0x200000e0   Data           4  data.o(.data)
    .data                                    0x200000e4   Section        1  booth.o(.data)
    .data                                    0x200000e6   Section        4  delay.o(.data)
    fac_us                                   0x200000e6   Data           1  delay.o(.data)
    fac_ms                                   0x200000e8   Data           2  delay.o(.data)
    .data                                    0x200000ea   Section       16  stm32f4xx_rcc.o(.data)
    APBAHBPrescTable                         0x200000ea   Data          16  stm32f4xx_rcc.o(.data)
    .bss                                     0x200000fc   Section     1024  drv_oled.o(.bss)
    .bss                                     0x200004fc   Section       96  jy901.o(.bss)
    acc_rebuff                               0x2000050c   Data          80  jy901.o(.bss)
    .bss                                     0x20000560   Section       80  lmt70.o(.bss)
    .bss                                     0x200005b0   Section       35  asd1292.o(.bss)
    .bss                                     0x200005d4   Section      228  rand.o(.bss)
    .bss                                     0x200006b8   Section       96  libspace.o(.bss)
    HEAP                                     0x20000718   Section      512  startup_stm32f40_41xxx.o(HEAP)
    Heap_Mem                                 0x20000718   Data         512  startup_stm32f40_41xxx.o(HEAP)
    STACK                                    0x20000918   Section     1024  startup_stm32f40_41xxx.o(STACK)
    Stack_Mem                                0x20000918   Data        1024  startup_stm32f40_41xxx.o(STACK)
    __initial_sp                             0x20000d18   Data           0  startup_stm32f40_41xxx.o(STACK)

    Global Symbols

    Symbol Name                              Value     Ov Type        Size  Object(Section)

    BuildAttributes$$THM_ISAv4$E$P$D$K$B$S$7EM$VFPi3$EXTD16$VFPS$VFMA$PE$A:L22UL41UL21$X:L11$S22US41US21$IEEE1$IW$USESV6$~STKCKD$USESV7$~SHL$OTIME$ROPI$IEEEJ$EBA8$UX$STANDARDLIB$REQ8$PRES8$EABIv2 0x00000000   Number         0  anon$$obj.o ABSOLUTE
    __ARM_use_no_argv                        0x00000000   Number         0  main.o ABSOLUTE
    _printf_flags                            0x00000000   Number         0  printf_stubs.o ABSOLUTE
    _printf_return_value                     0x00000000   Number         0  printf_stubs.o ABSOLUTE
    _printf_sizespec                         0x00000000   Number         0  printf_stubs.o ABSOLUTE
    _printf_widthprec                        0x00000000   Number         0  printf_stubs.o ABSOLUTE
    __ARM_exceptions_init                     - Undefined Weak Reference
    __alloca_initialize                       - Undefined Weak Reference
    __arm_preinit_                            - Undefined Weak Reference
    __cpp_initialize__aeabi_                  - Undefined Weak Reference
    __cxa_finalize                            - Undefined Weak Reference
    __sigvec_lookup                           - Undefined Weak Reference
    _atexit_init                              - Undefined Weak Reference
    _call_atexit_fns                          - Undefined Weak Reference
    _clock_init                               - Undefined Weak Reference
    _fp_trap_init                             - Undefined Weak Reference
    _fp_trap_shutdown                         - Undefined Weak Reference
    _get_lc_collate                           - Undefined Weak Reference
    _get_lc_ctype                             - Undefined Weak Reference
    _get_lc_monetary                          - Undefined Weak Reference
    _get_lc_time                              - Undefined Weak Reference
    _getenv_init                              - Undefined Weak Reference
    _handle_redirection                       - Undefined Weak Reference
    _init_alloc                               - Undefined Weak Reference
    _init_user_alloc                          - Undefined Weak Reference
    _initio                                   - Undefined Weak Reference
    _printf_post_padding                      - Undefined Weak Reference
    _printf_pre_padding                       - Undefined Weak Reference
    _printf_truncate_signed                   - Undefined Weak Reference
    _printf_truncate_unsigned                 - Undefined Weak Reference
    _signal_finish                            - Undefined Weak Reference
    _signal_init                              - Undefined Weak Reference
    _terminate_alloc                          - Undefined Weak Reference
    _terminate_user_alloc                     - Undefined Weak Reference
    _terminateio                              - Undefined Weak Reference
    __Vectors_Size                           0x00000188   Number         0  startup_stm32f40_41xxx.o ABSOLUTE
    __Vectors                                0x08000000   Data           4  startup_stm32f40_41xxx.o(RESET)
    __Vectors_End                            0x08000188   Data           0  startup_stm32f40_41xxx.o(RESET)
    __main                                   0x08000189   Thumb Code     8  __main.o(!!!main)
    __scatterload                            0x08000191   Thumb Code     0  __scatter.o(!!!scatter)
    __scatterload_rt2                        0x08000191   Thumb Code    44  __scatter.o(!!!scatter)
    __scatterload_rt2_thumb_only             0x08000191   Thumb Code     0  __scatter.o(!!!scatter)
    __scatterload_null                       0x0800019f   Thumb Code     0  __scatter.o(!!!scatter)
    __scatterload_copy                       0x080001c5   Thumb Code    26  __scatter_copy.o(!!handler_copy)
    __scatterload_zeroinit                   0x080001e1   Thumb Code    28  __scatter_zi.o(!!handler_zi)
    _printf_f                                0x080001fd   Thumb Code     0  _printf_f.o(.ARM.Collect$$_printf_percent$$00000003)
    _printf_percent                          0x080001fd   Thumb Code     0  _printf_percent.o(.ARM.Collect$$_printf_percent$$00000000)
    _printf_d                                0x08000203   Thumb Code     0  _printf_d.o(.ARM.Collect$$_printf_percent$$00000009)
    _printf_percent_end                      0x08000209   Thumb Code     0  _printf_percent_end.o(.ARM.Collect$$_printf_percent$$00000017)
    __rt_lib_init                            0x0800020d   Thumb Code     0  libinit.o(.ARM.Collect$$libinit$$00000000)
    __rt_lib_init_fp_1                       0x0800020f   Thumb Code     0  libinit2.o(.ARM.Collect$$libinit$$00000001)
    __rt_lib_init_heap_1                     0x08000213   Thumb Code     0  libinit2.o(.ARM.Collect$$libinit$$0000000A)
    __rt_lib_init_preinit_1                  0x08000213   Thumb Code     0  libinit2.o(.ARM.Collect$$libinit$$00000004)
    __rt_lib_init_rand_2                     0x08000213   Thumb Code     0  libinit2.o(.ARM.Collect$$libinit$$0000000D)
    __rt_lib_init_user_alloc_1               0x08000213   Thumb Code     0  libinit2.o(.ARM.Collect$$libinit$$0000000C)
    __rt_lib_init_lc_common                  0x08000217   Thumb Code     0  libinit2.o(.ARM.Collect$$libinit$$0000000F)
    __rt_lib_init_rand_1                     0x08000217   Thumb Code     0  libinit2.o(.ARM.Collect$$libinit$$0000000E)
    __rt_lib_init_lc_collate_1               0x0800021d   Thumb Code     0  libinit2.o(.ARM.Collect$$libinit$$00000011)
    __rt_lib_init_lc_ctype_1                 0x0800021d   Thumb Code     0  libinit2.o(.ARM.Collect$$libinit$$00000013)
    __rt_lib_init_lc_monetary_1              0x0800021d   Thumb Code     0  libinit2.o(.ARM.Collect$$libinit$$00000015)
    __rt_lib_init_lc_numeric_2               0x0800021d   Thumb Code     0  libinit2.o(.ARM.Collect$$libinit$$00000016)
    __rt_lib_init_alloca_1                   0x08000227   Thumb Code     0  libinit2.o(.ARM.Collect$$libinit$$0000002E)
    __rt_lib_init_argv_1                     0x08000227   Thumb Code     0  libinit2.o(.ARM.Collect$$libinit$$0000002C)
    __rt_lib_init_atexit_1                   0x08000227   Thumb Code     0  libinit2.o(.ARM.Collect$$libinit$$0000001B)
    __rt_lib_init_clock_1                    0x08000227   Thumb Code     0  libinit2.o(.ARM.Collect$$libinit$$00000021)
    __rt_lib_init_cpp_1                      0x08000227   Thumb Code     0  libinit2.o(.ARM.Collect$$libinit$$00000032)
    __rt_lib_init_exceptions_1               0x08000227   Thumb Code     0  libinit2.o(.ARM.Collect$$libinit$$00000030)
    __rt_lib_init_fp_trap_1                  0x08000227   Thumb Code     0  libinit2.o(.ARM.Collect$$libinit$$0000001F)
    __rt_lib_init_getenv_1                   0x08000227   Thumb Code     0  libinit2.o(.ARM.Collect$$libinit$$00000023)
    __rt_lib_init_lc_numeric_1               0x08000227   Thumb Code     0  libinit2.o(.ARM.Collect$$libinit$$00000017)
    __rt_lib_init_lc_time_1                  0x08000227   Thumb Code     0  libinit2.o(.ARM.Collect$$libinit$$00000019)
    __rt_lib_init_return                     0x08000227   Thumb Code     0  libinit2.o(.ARM.Collect$$libinit$$00000033)
    __rt_lib_init_signal_1                   0x08000227   Thumb Code     0  libinit2.o(.ARM.Collect$$libinit$$0000001D)
    __rt_lib_init_stdio_1                    0x08000227   Thumb Code     0  libinit2.o(.ARM.Collect$$libinit$$00000025)
    __rt_lib_shutdown                        0x08000229   Thumb Code     0  libshutdown.o(.ARM.Collect$$libshutdown$$00000000)
    __rt_lib_shutdown_cpp_1                  0x0800022b   Thumb Code     0  libshutdown2.o(.ARM.Collect$$libshutdown$$00000002)
    __rt_lib_shutdown_fp_trap_1              0x0800022b   Thumb Code     0  libshutdown2.o(.ARM.Collect$$libshutdown$$00000007)
    __rt_lib_shutdown_heap_1                 0x0800022b   Thumb Code     0  libshutdown2.o(.ARM.Collect$$libshutdown$$0000000F)
    __rt_lib_shutdown_return                 0x0800022b   Thumb Code     0  libshutdown2.o(.ARM.Collect$$libshutdown$$00000010)
    __rt_lib_shutdown_signal_1               0x0800022b   Thumb Code     0  libshutdown2.o(.ARM.Collect$$libshutdown$$0000000A)
    __rt_lib_shutdown_stdio_1                0x0800022b   Thumb Code     0  libshutdown2.o(.ARM.Collect$$libshutdown$$00000004)
    __rt_lib_shutdown_user_alloc_1           0x0800022b   Thumb Code     0  libshutdown2.o(.ARM.Collect$$libshutdown$$0000000C)
    __rt_entry                               0x0800022d   Thumb Code     0  __rtentry.o(.ARM.Collect$$rtentry$$00000000)
    __rt_entry_presh_1                       0x0800022d   Thumb Code     0  __rtentry2.o(.ARM.Collect$$rtentry$$00000002)
    __rt_entry_sh                            0x0800022d   Thumb Code     0  __rtentry4.o(.ARM.Collect$$rtentry$$00000004)
    __rt_entry_li                            0x08000233   Thumb Code     0  __rtentry2.o(.ARM.Collect$$rtentry$$0000000A)
    __rt_entry_postsh_1                      0x08000233   Thumb Code     0  __rtentry2.o(.ARM.Collect$$rtentry$$00000009)
    __rt_entry_main                          0x08000237   Thumb Code     0  __rtentry2.o(.ARM.Collect$$rtentry$$0000000D)
    __rt_entry_postli_1                      0x08000237   Thumb Code     0  __rtentry2.o(.ARM.Collect$$rtentry$$0000000C)
    __rt_exit                                0x0800023f   Thumb Code     0  rtexit.o(.ARM.Collect$$rtexit$$00000000)
    __rt_exit_ls                             0x08000241   Thumb Code     0  rtexit2.o(.ARM.Collect$$rtexit$$00000003)
    __rt_exit_prels_1                        0x08000241   Thumb Code     0  rtexit2.o(.ARM.Collect$$rtexit$$00000002)
    __rt_exit_exit                           0x08000245   Thumb Code     0  rtexit2.o(.ARM.Collect$$rtexit$$00000004)
    rand                                     0x0800024d   Thumb Code    48  rand.o(.emb_text)
    main                                     0x08000281   Thumb Code   234  main.o(.text)
    NMI_Handler                              0x080003ad   Thumb Code     2  stm32f4xx_it.o(.text)
    HardFault_Handler                        0x080003af   Thumb Code     4  stm32f4xx_it.o(.text)
    MemManage_Handler                        0x080003b3   Thumb Code     4  stm32f4xx_it.o(.text)
    BusFault_Handler                         0x080003b7   Thumb Code     4  stm32f4xx_it.o(.text)
    UsageFault_Handler                       0x080003bb   Thumb Code     4  stm32f4xx_it.o(.text)
    SVC_Handler                              0x080003bf   Thumb Code     2  stm32f4xx_it.o(.text)
    DebugMon_Handler                         0x080003c1   Thumb Code     2  stm32f4xx_it.o(.text)
    PendSV_Handler                           0x080003c3   Thumb Code     2  stm32f4xx_it.o(.text)
    SysTick_Handler                          0x080003c5   Thumb Code     2  stm32f4xx_it.o(.text)
    SystemInit                               0x080004a5   Thumb Code    88  system_stm32f4xx.o(.text)
    SystemCoreClockUpdate                    0x080004fd   Thumb Code   174  system_stm32f4xx.o(.text)
    KEY_Init                                 0x080005d9   Thumb Code    60  key.o(.text)
    KEY_Scan                                 0x08000615   Thumb Code    72  key.o(.text)
    OLED_WR_Byte                             0x0800066d   Thumb Code    84  drv_oled.o(.text)
    OLED_Refresh_Gram                        0x080006c1   Thumb Code    70  drv_oled.o(.text)
    OLED_Display_On                          0x08000707   Thumb Code    28  drv_oled.o(.text)
    OLED_Display_Off                         0x08000723   Thumb Code    28  drv_oled.o(.text)
    OLED_Clear                               0x0800073f   Thumb Code    42  drv_oled.o(.text)
    Half_OLED_Clear                          0x08000769   Thumb Code    42  drv_oled.o(.text)
    OLED_DrawPoint                           0x08000793   Thumb Code   100  drv_oled.o(.text)
    OLED_Fill                                0x080007f7   Thumb Code    58  drv_oled.o(.text)
    OLED_ShowChar                            0x08000831   Thumb Code   270  drv_oled.o(.text)
    OLED_ShowMyChar                          0x0800093f   Thumb Code   244  drv_oled.o(.text)
    OLED_ShowPicture                         0x08000a33   Thumb Code   302  drv_oled.o(.text)
    mypow                                    0x08000b61   Thumb Code    22  drv_oled.o(.text)
    OLED_ShowNum                             0x08000b77   Thumb Code   148  drv_oled.o(.text)
    OLED_ShowString                          0x08000c0b   Thumb Code    94  drv_oled.o(.text)
    OLED_Init                                0x08000c69   Thumb Code   290  drv_oled.o(.text)
    Adc_Init                                 0x08000d99   Thumb Code   124  adc.o(.text)
    Get_Adc                                  0x08000e15   Thumb Code    44  adc.o(.text)
    Get_Adc_Average                          0x08000e41   Thumb Code    46  adc.o(.text)
    acc_conponten                            0x08000e79   Thumb Code   186  jy901.o(.text)
    data_jy901                               0x08000f33   Thumb Code   234  jy901.o(.text)
    data_receive                             0x0800101d   Thumb Code   178  jy901.o(.text)
    distance                                 0x080010cf   Thumb Code   140  jy901.o(.text)
    temperate_calculate                      0x080011c1   Thumb Code   498  lmt70.o(.text)
    temperate_test                           0x080013b3   Thumb Code   250  lmt70.o(.text)
    TIM3_Int_Init                            0x08001539   Thumb Code    88  timer.o(.text)
    TIM4_Int_Init                            0x08001591   Thumb Code    86  timer.o(.text)
    TIM4_IRQHandler                          0x080015e7   Thumb Code    62  timer.o(.text)
    TIM3_IRQHandler                          0x08001625   Thumb Code   118  timer.o(.text)
    t423_init                                0x080016c9   Thumb Code    44  t423.o(.text)
    t423_input                               0x080016f5   Thumb Code    40  t423.o(.text)
    EXTI15_10_IRQHandler                     0x08001729   Thumb Code    54  exti.o(.text)
    EXTI2_IRQHandler                         0x0800175f   Thumb Code    36  exti.o(.text)
    EXTI3_IRQHandler                         0x08001783   Thumb Code    40  exti.o(.text)
    EXTI4_IRQHandler                         0x080017ab   Thumb Code    62  exti.o(.text)
    EXTIX_Init                               0x080017e9   Thumb Code    88  exti.o(.text)
    State_data_procee                        0x0800185d   Thumb Code   248  data.o(.text)
    BOOTH_Init                               0x08001985   Thumb Code    42  booth.o(.text)
    Booth_mode                               0x080019af   Thumb Code   120  booth.o(.text)
    delay_init                               0x08001a31   Thumb Code    52  delay.o(.text)
    delay_us                                 0x08001a65   Thumb Code    72  delay.o(.text)
    delay_xms                                0x08001aad   Thumb Code    72  delay.o(.text)
    delay_ms                                 0x08001af5   Thumb Code    56  delay.o(.text)
    _sys_exit                                0x08001b35   Thumb Code     4  usart.o(.text)
    fputc                                    0x08001b39   Thumb Code    22  usart.o(.text)
    uart_init                                0x08001b4f   Thumb Code   172  usart.o(.text)
    uart2_init                               0x08001bfb   Thumb Code   162  usart.o(.text)
    uart3_init                               0x08001c9d   Thumb Code   164  usart.o(.text)
    USART2_IRQHandler                        0x08001d41   Thumb Code    24  usart.o(.text)
    USART3_IRQHandler                        0x08001d59   Thumb Code    24  usart.o(.text)
    USART1_IRQHandler                        0x08001d71   Thumb Code    30  usart.o(.text)
    ADC_DeInit                               0x08001da5   Thumb Code    22  stm32f4xx_adc.o(.text)
    ADC_Init                                 0x08001dbb   Thumb Code    74  stm32f4xx_adc.o(.text)
    ADC_StructInit                           0x08001e05   Thumb Code    20  stm32f4xx_adc.o(.text)
    ADC_CommonInit                           0x08001e19   Thumb Code    34  stm32f4xx_adc.o(.text)
    ADC_CommonStructInit                     0x08001e3b   Thumb Code    12  stm32f4xx_adc.o(.text)
    ADC_Cmd                                  0x08001e47   Thumb Code    22  stm32f4xx_adc.o(.text)
    ADC_AnalogWatchdogCmd                    0x08001e5d   Thumb Code    16  stm32f4xx_adc.o(.text)
    ADC_AnalogWatchdogThresholdsConfig       0x08001e6d   Thumb Code     6  stm32f4xx_adc.o(.text)
    ADC_AnalogWatchdogSingleChannelConfig    0x08001e73   Thumb Code    16  stm32f4xx_adc.o(.text)
    ADC_TempSensorVrefintCmd                 0x08001e83   Thumb Code    34  stm32f4xx_adc.o(.text)
    ADC_VBATCmd                              0x08001ea5   Thumb Code    34  stm32f4xx_adc.o(.text)
    ADC_RegularChannelConfig                 0x08001ec7   Thumb Code   184  stm32f4xx_adc.o(.text)
    ADC_SoftwareStartConv                    0x08001f7f   Thumb Code    10  stm32f4xx_adc.o(.text)
    ADC_GetSoftwareStartConvStatus           0x08001f89   Thumb Code    20  stm32f4xx_adc.o(.text)
    ADC_EOCOnEachRegularChannelCmd           0x08001f9d   Thumb Code    22  stm32f4xx_adc.o(.text)
    ADC_ContinuousModeCmd                    0x08001fb3   Thumb Code    22  stm32f4xx_adc.o(.text)
    ADC_DiscModeChannelCountConfig           0x08001fc9   Thumb Code    24  stm32f4xx_adc.o(.text)
    ADC_DiscModeCmd                          0x08001fe1   Thumb Code    22  stm32f4xx_adc.o(.text)
    ADC_GetConversionValue                   0x08001ff7   Thumb Code     8  stm32f4xx_adc.o(.text)
    ADC_GetMultiModeConversionValue          0x08001fff   Thumb Code     8  stm32f4xx_adc.o(.text)
    ADC_DMACmd                               0x08002007   Thumb Code    22  stm32f4xx_adc.o(.text)
    ADC_DMARequestAfterLastTransferCmd       0x0800201d   Thumb Code    22  stm32f4xx_adc.o(.text)
    ADC_MultiModeDMARequestAfterLastTransferCmd 0x08002033   Thumb Code    34  stm32f4xx_adc.o(.text)
    ADC_InjectedChannelConfig                0x08002055   Thumb Code   130  stm32f4xx_adc.o(.text)
    ADC_InjectedSequencerLengthConfig        0x080020d7   Thumb Code    24  stm32f4xx_adc.o(.text)
    ADC_SetInjectedOffset                    0x080020ef   Thumb Code    20  stm32f4xx_adc.o(.text)
    ADC_ExternalTrigInjectedConvConfig       0x08002103   Thumb Code    16  stm32f4xx_adc.o(.text)
    ADC_ExternalTrigInjectedConvEdgeConfig   0x08002113   Thumb Code    16  stm32f4xx_adc.o(.text)
    ADC_SoftwareStartInjectedConv            0x08002123   Thumb Code    10  stm32f4xx_adc.o(.text)
    ADC_GetSoftwareStartInjectedConvCmdStatus 0x0800212d   Thumb Code    20  stm32f4xx_adc.o(.text)
    ADC_AutoInjectedConvCmd                  0x08002141   Thumb Code    22  stm32f4xx_adc.o(.text)
    ADC_InjectedDiscModeCmd                  0x08002157   Thumb Code    22  stm32f4xx_adc.o(.text)
    ADC_GetInjectedConversionValue           0x0800216d   Thumb Code    28  stm32f4xx_adc.o(.text)
    ADC_ITConfig                             0x08002189   Thumb Code    56  stm32f4xx_adc.o(.text)
    ADC_GetFlagStatus                        0x080021c1   Thumb Code    18  stm32f4xx_adc.o(.text)
    ADC_ClearFlag                            0x080021d3   Thumb Code     6  stm32f4xx_adc.o(.text)
    ADC_GetITStatus                          0x080021d9   Thumb Code    38  stm32f4xx_adc.o(.text)
    ADC_ClearITPendingBit                    0x080021ff   Thumb Code    10  stm32f4xx_adc.o(.text)
    Reset_Handler                            0x08002209   Thumb Code     8  startup_stm32f40_41xxx.o(.text)
    ADC_IRQHandler                           0x08002223   Thumb Code     0  startup_stm32f40_41xxx.o(.text)
    CAN1_RX0_IRQHandler                      0x08002223   Thumb Code     0  startup_stm32f40_41xxx.o(.text)
    CAN1_RX1_IRQHandler                      0x08002223   Thumb Code     0  startup_stm32f40_41xxx.o(.text)
    CAN1_SCE_IRQHandler                      0x08002223   Thumb Code     0  startup_stm32f40_41xxx.o(.text)
    CAN1_TX_IRQHandler                       0x08002223   Thumb Code     0  startup_stm32f40_41xxx.o(.text)
    CAN2_RX0_IRQHandler                      0x08002223   Thumb Code     0  startup_stm32f40_41xxx.o(.text)
    CAN2_RX1_IRQHandler                      0x08002223   Thumb Code     0  startup_stm32f40_41xxx.o(.text)
    CAN2_SCE_IRQHandler                      0x08002223   Thumb Code     0  startup_stm32f40_41xxx.o(.text)
    CAN2_TX_IRQHandler                       0x08002223   Thumb Code     0  startup_stm32f40_41xxx.o(.text)
    CRYP_IRQHandler                          0x08002223   Thumb Code     0  startup_stm32f40_41xxx.o(.text)
    DCMI_IRQHandler                          0x08002223   Thumb Code     0  startup_stm32f40_41xxx.o(.text)
    DMA1_Stream0_IRQHandler                  0x08002223   Thumb Code     0  startup_stm32f40_41xxx.o(.text)
    DMA1_Stream1_IRQHandler                  0x08002223   Thumb Code     0  startup_stm32f40_41xxx.o(.text)
    DMA1_Stream2_IRQHandler                  0x08002223   Thumb Code     0  startup_stm32f40_41xxx.o(.text)
    DMA1_Stream3_IRQHandler                  0x08002223   Thumb Code     0  startup_stm32f40_41xxx.o(.text)
    DMA1_Stream4_IRQHandler                  0x08002223   Thumb Code     0  startup_stm32f40_41xxx.o(.text)
    DMA1_Stream5_IRQHandler                  0x08002223   Thumb Code     0  startup_stm32f40_41xxx.o(.text)
    DMA1_Stream6_IRQHandler                  0x08002223   Thumb Code     0  startup_stm32f40_41xxx.o(.text)
    DMA1_Stream7_IRQHandler                  0x08002223   Thumb Code     0  startup_stm32f40_41xxx.o(.text)
    DMA2_Stream0_IRQHandler                  0x08002223   Thumb Code     0  startup_stm32f40_41xxx.o(.text)
    DMA2_Stream1_IRQHandler                  0x08002223   Thumb Code     0  startup_stm32f40_41xxx.o(.text)
    DMA2_Stream2_IRQHandler                  0x08002223   Thumb Code     0  startup_stm32f40_41xxx.o(.text)
    DMA2_Stream3_IRQHandler                  0x08002223   Thumb Code     0  startup_stm32f40_41xxx.o(.text)
    DMA2_Stream4_IRQHandler                  0x08002223   Thumb Code     0  startup_stm32f40_41xxx.o(.text)
    DMA2_Stream5_IRQHandler                  0x08002223   Thumb Code     0  startup_stm32f40_41xxx.o(.text)
    DMA2_Stream6_IRQHandler                  0x08002223   Thumb Code     0  startup_stm32f40_41xxx.o(.text)
    DMA2_Stream7_IRQHandler                  0x08002223   Thumb Code     0  startup_stm32f40_41xxx.o(.text)
    ETH_IRQHandler                           0x08002223   Thumb Code     0  startup_stm32f40_41xxx.o(.text)
    ETH_WKUP_IRQHandler                      0x08002223   Thumb Code     0  startup_stm32f40_41xxx.o(.text)
    EXTI0_IRQHandler                         0x08002223   Thumb Code     0  startup_stm32f40_41xxx.o(.text)
    EXTI1_IRQHandler                         0x08002223   Thumb Code     0  startup_stm32f40_41xxx.o(.text)
    EXTI9_5_IRQHandler                       0x08002223   Thumb Code     0  startup_stm32f40_41xxx.o(.text)
    FLASH_IRQHandler                         0x08002223   Thumb Code     0  startup_stm32f40_41xxx.o(.text)
    FPU_IRQHandler                           0x08002223   Thumb Code     0  startup_stm32f40_41xxx.o(.text)
    FSMC_IRQHandler                          0x08002223   Thumb Code     0  startup_stm32f40_41xxx.o(.text)
    HASH_RNG_IRQHandler                      0x08002223   Thumb Code     0  startup_stm32f40_41xxx.o(.text)
    I2C1_ER_IRQHandler                       0x08002223   Thumb Code     0  startup_stm32f40_41xxx.o(.text)
    I2C1_EV_IRQHandler                       0x08002223   Thumb Code     0  startup_stm32f40_41xxx.o(.text)
    I2C2_ER_IRQHandler                       0x08002223   Thumb Code     0  startup_stm32f40_41xxx.o(.text)
    I2C2_EV_IRQHandler                       0x08002223   Thumb Code     0  startup_stm32f40_41xxx.o(.text)
    I2C3_ER_IRQHandler                       0x08002223   Thumb Code     0  startup_stm32f40_41xxx.o(.text)
    I2C3_EV_IRQHandler                       0x08002223   Thumb Code     0  startup_stm32f40_41xxx.o(.text)
    OTG_FS_IRQHandler                        0x08002223   Thumb Code     0  startup_stm32f40_41xxx.o(.text)
    OTG_FS_WKUP_IRQHandler                   0x08002223   Thumb Code     0  startup_stm32f40_41xxx.o(.text)
    OTG_HS_EP1_IN_IRQHandler                 0x08002223   Thumb Code     0  startup_stm32f40_41xxx.o(.text)
    OTG_HS_EP1_OUT_IRQHandler                0x08002223   Thumb Code     0  startup_stm32f40_41xxx.o(.text)
    OTG_HS_IRQHandler                        0x08002223   Thumb Code     0  startup_stm32f40_41xxx.o(.text)
    OTG_HS_WKUP_IRQHandler                   0x08002223   Thumb Code     0  startup_stm32f40_41xxx.o(.text)
    PVD_IRQHandler                           0x08002223   Thumb Code     0  startup_stm32f40_41xxx.o(.text)
    RCC_IRQHandler                           0x08002223   Thumb Code     0  startup_stm32f40_41xxx.o(.text)
    RTC_Alarm_IRQHandler                     0x08002223   Thumb Code     0  startup_stm32f40_41xxx.o(.text)
    RTC_WKUP_IRQHandler                      0x08002223   Thumb Code     0  startup_stm32f40_41xxx.o(.text)
    SDIO_IRQHandler                          0x08002223   Thumb Code     0  startup_stm32f40_41xxx.o(.text)
    SPI1_IRQHandler                          0x08002223   Thumb Code     0  startup_stm32f40_41xxx.o(.text)
    SPI2_IRQHandler                          0x08002223   Thumb Code     0  startup_stm32f40_41xxx.o(.text)
    SPI3_IRQHandler                          0x08002223   Thumb Code     0  startup_stm32f40_41xxx.o(.text)
    TAMP_STAMP_IRQHandler                    0x08002223   Thumb Code     0  startup_stm32f40_41xxx.o(.text)
    TIM1_BRK_TIM9_IRQHandler                 0x08002223   Thumb Code     0  startup_stm32f40_41xxx.o(.text)
    TIM1_CC_IRQHandler                       0x08002223   Thumb Code     0  startup_stm32f40_41xxx.o(.text)
    TIM1_TRG_COM_TIM11_IRQHandler            0x08002223   Thumb Code     0  startup_stm32f40_41xxx.o(.text)
    TIM1_UP_TIM10_IRQHandler                 0x08002223   Thumb Code     0  startup_stm32f40_41xxx.o(.text)
    TIM2_IRQHandler                          0x08002223   Thumb Code     0  startup_stm32f40_41xxx.o(.text)
    TIM5_IRQHandler                          0x08002223   Thumb Code     0  startup_stm32f40_41xxx.o(.text)
    TIM6_DAC_IRQHandler                      0x08002223   Thumb Code     0  startup_stm32f40_41xxx.o(.text)
    TIM7_IRQHandler                          0x08002223   Thumb Code     0  startup_stm32f40_41xxx.o(.text)
    TIM8_BRK_TIM12_IRQHandler                0x08002223   Thumb Code     0  startup_stm32f40_41xxx.o(.text)
    TIM8_CC_IRQHandler                       0x08002223   Thumb Code     0  startup_stm32f40_41xxx.o(.text)
    TIM8_TRG_COM_TIM14_IRQHandler            0x08002223   Thumb Code     0  startup_stm32f40_41xxx.o(.text)
    TIM8_UP_TIM13_IRQHandler                 0x08002223   Thumb Code     0  startup_stm32f40_41xxx.o(.text)
    UART4_IRQHandler                         0x08002223   Thumb Code     0  startup_stm32f40_41xxx.o(.text)
    UART5_IRQHandler                         0x08002223   Thumb Code     0  startup_stm32f40_41xxx.o(.text)
    USART6_IRQHandler                        0x08002223   Thumb Code     0  startup_stm32f40_41xxx.o(.text)
    WWDG_IRQHandler                          0x08002223   Thumb Code     0  startup_stm32f40_41xxx.o(.text)
    __user_initial_stackheap                 0x08002225   Thumb Code     0  startup_stm32f40_41xxx.o(.text)
    NVIC_PriorityGroupConfig                 0x08002249   Thumb Code    10  misc.o(.text)
    NVIC_Init                                0x08002253   Thumb Code   106  misc.o(.text)
    NVIC_SetVectorTable                      0x080022bd   Thumb Code    14  misc.o(.text)
    NVIC_SystemLPConfig                      0x080022cb   Thumb Code    34  misc.o(.text)
    SysTick_CLKSourceConfig                  0x080022ed   Thumb Code    40  misc.o(.text)
    GPIO_DeInit                              0x08002329   Thumb Code   268  stm32f4xx_gpio.o(.text)
    GPIO_Init                                0x08002435   Thumb Code   144  stm32f4xx_gpio.o(.text)
    GPIO_StructInit                          0x080024c5   Thumb Code    18  stm32f4xx_gpio.o(.text)
    GPIO_PinLockConfig                       0x080024d7   Thumb Code    34  stm32f4xx_gpio.o(.text)
    GPIO_ReadInputDataBit                    0x080024f9   Thumb Code    18  stm32f4xx_gpio.o(.text)
    GPIO_ReadInputData                       0x0800250b   Thumb Code     8  stm32f4xx_gpio.o(.text)
    GPIO_ReadOutputDataBit                   0x08002513   Thumb Code    18  stm32f4xx_gpio.o(.text)
    GPIO_ReadOutputData                      0x08002525   Thumb Code     8  stm32f4xx_gpio.o(.text)
    GPIO_SetBits                             0x0800252d   Thumb Code     4  stm32f4xx_gpio.o(.text)
    GPIO_ResetBits                           0x08002531   Thumb Code     4  stm32f4xx_gpio.o(.text)
    GPIO_WriteBit                            0x08002535   Thumb Code    10  stm32f4xx_gpio.o(.text)
    GPIO_Write                               0x0800253f   Thumb Code     4  stm32f4xx_gpio.o(.text)
    GPIO_ToggleBits                          0x08002543   Thumb Code     8  stm32f4xx_gpio.o(.text)
    GPIO_PinAFConfig                         0x0800254b   Thumb Code    70  stm32f4xx_gpio.o(.text)
    RCC_DeInit                               0x080025bd   Thumb Code    82  stm32f4xx_rcc.o(.text)
    RCC_HSEConfig                            0x0800260f   Thumb Code    14  stm32f4xx_rcc.o(.text)
    RCC_GetFlagStatus                        0x0800261d   Thumb Code    60  stm32f4xx_rcc.o(.text)
    RCC_WaitForHSEStartUp                    0x08002659   Thumb Code    56  stm32f4xx_rcc.o(.text)
    RCC_AdjustHSICalibrationValue            0x08002691   Thumb Code    20  stm32f4xx_rcc.o(.text)
    RCC_HSICmd                               0x080026a5   Thumb Code     6  stm32f4xx_rcc.o(.text)
    RCC_LSEConfig                            0x080026ab   Thumb Code    46  stm32f4xx_rcc.o(.text)
    RCC_LSICmd                               0x080026d9   Thumb Code     6  stm32f4xx_rcc.o(.text)
    RCC_PLLConfig                            0x080026df   Thumb Code    32  stm32f4xx_rcc.o(.text)
    RCC_PLLCmd                               0x080026ff   Thumb Code     6  stm32f4xx_rcc.o(.text)
    RCC_PLLI2SConfig                         0x08002705   Thumb Code    14  stm32f4xx_rcc.o(.text)
    RCC_PLLI2SCmd                            0x08002713   Thumb Code     6  stm32f4xx_rcc.o(.text)
    RCC_PLLSAIConfig                         0x08002719   Thumb Code    20  stm32f4xx_rcc.o(.text)
    RCC_PLLSAICmd                            0x0800272d   Thumb Code     6  stm32f4xx_rcc.o(.text)
    RCC_ClockSecuritySystemCmd               0x08002733   Thumb Code     6  stm32f4xx_rcc.o(.text)
    RCC_MCO1Config                           0x08002739   Thumb Code    28  stm32f4xx_rcc.o(.text)
    RCC_MCO2Config                           0x08002755   Thumb Code    28  stm32f4xx_rcc.o(.text)
    RCC_SYSCLKConfig                         0x08002771   Thumb Code    20  stm32f4xx_rcc.o(.text)
    RCC_GetSYSCLKSource                      0x08002785   Thumb Code    12  stm32f4xx_rcc.o(.text)
    RCC_HCLKConfig                           0x08002791   Thumb Code    20  stm32f4xx_rcc.o(.text)
    RCC_PCLK1Config                          0x080027a5   Thumb Code    20  stm32f4xx_rcc.o(.text)
    RCC_PCLK2Config                          0x080027b9   Thumb Code    22  stm32f4xx_rcc.o(.text)
    RCC_GetClocksFreq                        0x080027cf   Thumb Code   222  stm32f4xx_rcc.o(.text)
    RCC_RTCCLKConfig                         0x080028ad   Thumb Code    54  stm32f4xx_rcc.o(.text)
    RCC_RTCCLKCmd                            0x080028e3   Thumb Code     8  stm32f4xx_rcc.o(.text)
    RCC_BackupResetCmd                       0x080028eb   Thumb Code     8  stm32f4xx_rcc.o(.text)
    RCC_I2SCLKConfig                         0x080028f3   Thumb Code     6  stm32f4xx_rcc.o(.text)
    RCC_SAIPLLI2SClkDivConfig                0x080028f9   Thumb Code    26  stm32f4xx_rcc.o(.text)
    RCC_SAIPLLSAIClkDivConfig                0x08002913   Thumb Code    28  stm32f4xx_rcc.o(.text)
    RCC_SAIBlockACLKConfig                   0x0800292f   Thumb Code    20  stm32f4xx_rcc.o(.text)
    RCC_SAIBlockBCLKConfig                   0x08002943   Thumb Code    20  stm32f4xx_rcc.o(.text)
    RCC_LTDCCLKDivConfig                     0x08002957   Thumb Code    20  stm32f4xx_rcc.o(.text)
    RCC_TIMCLKPresConfig                     0x0800296b   Thumb Code     6  stm32f4xx_rcc.o(.text)
    RCC_AHB1PeriphClockCmd                   0x08002971   Thumb Code    34  stm32f4xx_rcc.o(.text)
    RCC_AHB2PeriphClockCmd                   0x08002993   Thumb Code    78  stm32f4xx_rcc.o(.text)
    RCC_AHB3PeriphClockCmd                   0x080029e1   Thumb Code    34  stm32f4xx_rcc.o(.text)
    RCC_APB1PeriphClockCmd                   0x08002a03   Thumb Code    34  stm32f4xx_rcc.o(.text)
    RCC_APB2PeriphClockCmd                   0x08002a25   Thumb Code    34  stm32f4xx_rcc.o(.text)
    RCC_AHB1PeriphResetCmd                   0x08002a47   Thumb Code    34  stm32f4xx_rcc.o(.text)
    RCC_AHB2PeriphResetCmd                   0x08002a69   Thumb Code    34  stm32f4xx_rcc.o(.text)
    RCC_AHB3PeriphResetCmd                   0x08002a8b   Thumb Code    34  stm32f4xx_rcc.o(.text)
    RCC_APB1PeriphResetCmd                   0x08002aad   Thumb Code    34  stm32f4xx_rcc.o(.text)
    RCC_APB2PeriphResetCmd                   0x08002acf   Thumb Code    34  stm32f4xx_rcc.o(.text)
    RCC_AHB1PeriphClockLPModeCmd             0x08002af1   Thumb Code    34  stm32f4xx_rcc.o(.text)
    RCC_AHB2PeriphClockLPModeCmd             0x08002b13   Thumb Code    34  stm32f4xx_rcc.o(.text)
    RCC_AHB3PeriphClockLPModeCmd             0x08002b35   Thumb Code    34  stm32f4xx_rcc.o(.text)
    RCC_APB1PeriphClockLPModeCmd             0x08002b57   Thumb Code    34  stm32f4xx_rcc.o(.text)
    RCC_APB2PeriphClockLPModeCmd             0x08002b79   Thumb Code    34  stm32f4xx_rcc.o(.text)
    RCC_LSEModeConfig                        0x08002b9b   Thumb Code    40  stm32f4xx_rcc.o(.text)
    RCC_ITConfig                             0x08002bc3   Thumb Code    34  stm32f4xx_rcc.o(.text)
    RCC_ClearFlag                            0x08002be5   Thumb Code    18  stm32f4xx_rcc.o(.text)
    RCC_GetITStatus                          0x08002bf7   Thumb Code    22  stm32f4xx_rcc.o(.text)
    RCC_ClearITPendingBit                    0x08002c0d   Thumb Code     8  stm32f4xx_rcc.o(.text)
    SYSCFG_DeInit                            0x08002c19   Thumb Code    22  stm32f4xx_syscfg.o(.text)
    SYSCFG_MemoryRemapConfig                 0x08002c2f   Thumb Code     6  stm32f4xx_syscfg.o(.text)
    SYSCFG_MemorySwappingBank                0x08002c35   Thumb Code     6  stm32f4xx_syscfg.o(.text)
    SYSCFG_EXTILineConfig                    0x08002c3b   Thumb Code    66  stm32f4xx_syscfg.o(.text)
    SYSCFG_ETH_MediaInterfaceConfig          0x08002c7d   Thumb Code     8  stm32f4xx_syscfg.o(.text)
    SYSCFG_CompensationCellCmd               0x08002c85   Thumb Code     6  stm32f4xx_syscfg.o(.text)
    SYSCFG_GetCompensationCellStatus         0x08002c8b   Thumb Code    22  stm32f4xx_syscfg.o(.text)
    USART_DeInit                             0x08002cad   Thumb Code   206  stm32f4xx_usart.o(.text)
    USART_Init                               0x08002d7b   Thumb Code   204  stm32f4xx_usart.o(.text)
    USART_StructInit                         0x08002e47   Thumb Code    24  stm32f4xx_usart.o(.text)
    USART_ClockInit                          0x08002e5f   Thumb Code    32  stm32f4xx_usart.o(.text)
    USART_ClockStructInit                    0x08002e7f   Thumb Code    12  stm32f4xx_usart.o(.text)
    USART_Cmd                                0x08002e8b   Thumb Code    24  stm32f4xx_usart.o(.text)
    USART_SetPrescaler                       0x08002ea3   Thumb Code    16  stm32f4xx_usart.o(.text)
    USART_OverSampling8Cmd                   0x08002eb3   Thumb Code    22  stm32f4xx_usart.o(.text)
    USART_OneBitMethodCmd                    0x08002ec9   Thumb Code    24  stm32f4xx_usart.o(.text)
    USART_SendData                           0x08002ee1   Thumb Code     8  stm32f4xx_usart.o(.text)
    USART_ReceiveData                        0x08002ee9   Thumb Code    10  stm32f4xx_usart.o(.text)
    USART_SetAddress                         0x08002ef3   Thumb Code    18  stm32f4xx_usart.o(.text)
    USART_ReceiverWakeUpCmd                  0x08002f05   Thumb Code    24  stm32f4xx_usart.o(.text)
    USART_WakeUpConfig                       0x08002f1d   Thumb Code    18  stm32f4xx_usart.o(.text)
    USART_LINBreakDetectLengthConfig         0x08002f2f   Thumb Code    18  stm32f4xx_usart.o(.text)
    USART_LINCmd                             0x08002f41   Thumb Code    24  stm32f4xx_usart.o(.text)
    USART_SendBreak                          0x08002f59   Thumb Code    10  stm32f4xx_usart.o(.text)
    USART_HalfDuplexCmd                      0x08002f63   Thumb Code    24  stm32f4xx_usart.o(.text)
    USART_SetGuardTime                       0x08002f7b   Thumb Code    16  stm32f4xx_usart.o(.text)
    USART_SmartCardCmd                       0x08002f8b   Thumb Code    24  stm32f4xx_usart.o(.text)
    USART_SmartCardNACKCmd                   0x08002fa3   Thumb Code    24  stm32f4xx_usart.o(.text)
    USART_IrDAConfig                         0x08002fbb   Thumb Code    18  stm32f4xx_usart.o(.text)
    USART_IrDACmd                            0x08002fcd   Thumb Code    24  stm32f4xx_usart.o(.text)
    USART_DMACmd                             0x08002fe5   Thumb Code    18  stm32f4xx_usart.o(.text)
    USART_ITConfig                           0x08002ff7   Thumb Code    74  stm32f4xx_usart.o(.text)
    USART_GetFlagStatus                      0x08003041   Thumb Code    26  stm32f4xx_usart.o(.text)
    USART_ClearFlag                          0x0800305b   Thumb Code    18  stm32f4xx_usart.o(.text)
    USART_GetITStatus                        0x0800306d   Thumb Code   118  stm32f4xx_usart.o(.text)
    USART_ClearITPendingBit                  0x080030e3   Thumb Code    30  stm32f4xx_usart.o(.text)
    TIM_DeInit                               0x08003101   Thumb Code   346  stm32f4xx_tim.o(.text)
    TIM_TimeBaseInit                         0x0800325b   Thumb Code   104  stm32f4xx_tim.o(.text)
    TIM_TimeBaseStructInit                   0x080032c3   Thumb Code    18  stm32f4xx_tim.o(.text)
    TIM_PrescalerConfig                      0x080032d5   Thumb Code     6  stm32f4xx_tim.o(.text)
    TIM_CounterModeConfig                    0x080032db   Thumb Code    18  stm32f4xx_tim.o(.text)
    TIM_SetCounter                           0x080032ed   Thumb Code     4  stm32f4xx_tim.o(.text)
    TIM_SetAutoreload                        0x080032f1   Thumb Code     4  stm32f4xx_tim.o(.text)
    TIM_GetCounter                           0x080032f5   Thumb Code     6  stm32f4xx_tim.o(.text)
    TIM_GetPrescaler                         0x080032fb   Thumb Code     6  stm32f4xx_tim.o(.text)
    TIM_UpdateDisableConfig                  0x08003301   Thumb Code    24  stm32f4xx_tim.o(.text)
    TIM_UpdateRequestConfig                  0x08003319   Thumb Code    24  stm32f4xx_tim.o(.text)
    TIM_ARRPreloadConfig                     0x08003331   Thumb Code    24  stm32f4xx_tim.o(.text)
    TIM_SelectOnePulseMode                   0x08003349   Thumb Code    18  stm32f4xx_tim.o(.text)
    TIM_SetClockDivision                     0x0800335b   Thumb Code    18  stm32f4xx_tim.o(.text)
    TIM_Cmd                                  0x0800336d   Thumb Code    24  stm32f4xx_tim.o(.text)
    TIM_OC1Init                              0x08003385   Thumb Code   114  stm32f4xx_tim.o(.text)
    TIM_OC2Init                              0x080033f7   Thumb Code   154  stm32f4xx_tim.o(.text)
    TIM_OC3Init                              0x08003491   Thumb Code   204  stm32f4xx_tim.o(.text)
    TIM_OC4Init                              0x0800355d   Thumb Code   112  stm32f4xx_tim.o(.text)
    TIM_OCStructInit                         0x080035cd   Thumb Code    20  stm32f4xx_tim.o(.text)
    TIM_SelectOCxM                           0x080035e1   Thumb Code    86  stm32f4xx_tim.o(.text)
    TIM_SetCompare1                          0x08003637   Thumb Code     4  stm32f4xx_tim.o(.text)
    TIM_SetCompare2                          0x0800363b   Thumb Code     4  stm32f4xx_tim.o(.text)
    TIM_SetCompare3                          0x0800363f   Thumb Code     4  stm32f4xx_tim.o(.text)
    TIM_SetCompare4                          0x08003643   Thumb Code     4  stm32f4xx_tim.o(.text)
    TIM_ForcedOC1Config                      0x08003647   Thumb Code    18  stm32f4xx_tim.o(.text)
    TIM_ForcedOC2Config                      0x08003659   Thumb Code    26  stm32f4xx_tim.o(.text)
    TIM_ForcedOC3Config                      0x08003673   Thumb Code    18  stm32f4xx_tim.o(.text)
    TIM_ForcedOC4Config                      0x08003685   Thumb Code    26  stm32f4xx_tim.o(.text)
    TIM_OC1PreloadConfig                     0x0800369f   Thumb Code    18  stm32f4xx_tim.o(.text)
    TIM_OC2PreloadConfig                     0x080036b1   Thumb Code    26  stm32f4xx_tim.o(.text)
    TIM_OC3PreloadConfig                     0x080036cb   Thumb Code    18  stm32f4xx_tim.o(.text)
    TIM_OC4PreloadConfig                     0x080036dd   Thumb Code    26  stm32f4xx_tim.o(.text)
    TIM_OC1FastConfig                        0x080036f7   Thumb Code    18  stm32f4xx_tim.o(.text)
    TIM_OC2FastConfig                        0x08003709   Thumb Code    26  stm32f4xx_tim.o(.text)
    TIM_OC3FastConfig                        0x08003723   Thumb Code    18  stm32f4xx_tim.o(.text)
    TIM_OC4FastConfig                        0x08003735   Thumb Code    26  stm32f4xx_tim.o(.text)
    TIM_ClearOC1Ref                          0x0800374f   Thumb Code    18  stm32f4xx_tim.o(.text)
    TIM_ClearOC2Ref                          0x08003761   Thumb Code    24  stm32f4xx_tim.o(.text)
    TIM_ClearOC3Ref                          0x08003779   Thumb Code    18  stm32f4xx_tim.o(.text)
    TIM_ClearOC4Ref                          0x0800378b   Thumb Code    24  stm32f4xx_tim.o(.text)
    TIM_OC1PolarityConfig                    0x080037a3   Thumb Code    18  stm32f4xx_tim.o(.text)
    TIM_OC1NPolarityConfig                   0x080037b5   Thumb Code    18  stm32f4xx_tim.o(.text)
    TIM_OC2PolarityConfig                    0x080037c7   Thumb Code    26  stm32f4xx_tim.o(.text)
    TIM_OC2NPolarityConfig                   0x080037e1   Thumb Code    26  stm32f4xx_tim.o(.text)
    TIM_OC3PolarityConfig                    0x080037fb   Thumb Code    26  stm32f4xx_tim.o(.text)
    TIM_OC3NPolarityConfig                   0x08003815   Thumb Code    26  stm32f4xx_tim.o(.text)
    TIM_OC4PolarityConfig                    0x0800382f   Thumb Code    26  stm32f4xx_tim.o(.text)
    TIM_CCxCmd                               0x08003849   Thumb Code    30  stm32f4xx_tim.o(.text)
    TIM_CCxNCmd                              0x08003867   Thumb Code    30  stm32f4xx_tim.o(.text)
    TIM_SetIC4Prescaler                      0x08003885   Thumb Code    26  stm32f4xx_tim.o(.text)
    TIM_SetIC3Prescaler                      0x080038ef   Thumb Code    18  stm32f4xx_tim.o(.text)
    TIM_SetIC2Prescaler                      0x08003949   Thumb Code    26  stm32f4xx_tim.o(.text)
    TIM_SetIC1Prescaler                      0x080039bd   Thumb Code    18  stm32f4xx_tim.o(.text)
    TIM_ICInit                               0x08003a09   Thumb Code   110  stm32f4xx_tim.o(.text)
    TIM_ICStructInit                         0x08003a77   Thumb Code    18  stm32f4xx_tim.o(.text)
    TIM_PWMIConfig                           0x08003a89   Thumb Code   124  stm32f4xx_tim.o(.text)
    TIM_GetCapture1                          0x08003b05   Thumb Code     6  stm32f4xx_tim.o(.text)
    TIM_GetCapture2                          0x08003b0b   Thumb Code     6  stm32f4xx_tim.o(.text)
    TIM_GetCapture3                          0x08003b11   Thumb Code     6  stm32f4xx_tim.o(.text)
    TIM_GetCapture4                          0x08003b17   Thumb Code     6  stm32f4xx_tim.o(.text)
    TIM_BDTRConfig                           0x08003b1d   Thumb Code    32  stm32f4xx_tim.o(.text)
    TIM_BDTRStructInit                       0x08003b3d   Thumb Code    18  stm32f4xx_tim.o(.text)
    TIM_CtrlPWMOutputs                       0x08003b4f   Thumb Code    30  stm32f4xx_tim.o(.text)
    TIM_SelectCOM                            0x08003b6d   Thumb Code    24  stm32f4xx_tim.o(.text)
    TIM_CCPreloadControl                     0x08003b85   Thumb Code    24  stm32f4xx_tim.o(.text)
    TIM_ITConfig                             0x08003b9d   Thumb Code    18  stm32f4xx_tim.o(.text)
    TIM_GenerateEvent                        0x08003baf   Thumb Code     4  stm32f4xx_tim.o(.text)
    TIM_GetFlagStatus                        0x08003bb3   Thumb Code    18  stm32f4xx_tim.o(.text)
    TIM_ClearFlag                            0x08003bc5   Thumb Code     6  stm32f4xx_tim.o(.text)
    TIM_GetITStatus                          0x08003bcb   Thumb Code    34  stm32f4xx_tim.o(.text)
    TIM_ClearITPendingBit                    0x08003bed   Thumb Code     6  stm32f4xx_tim.o(.text)
    TIM_DMAConfig                            0x08003bf3   Thumb Code    10  stm32f4xx_tim.o(.text)
    TIM_DMACmd                               0x08003bfd   Thumb Code    18  stm32f4xx_tim.o(.text)
    TIM_SelectCCDMA                          0x08003c0f   Thumb Code    24  stm32f4xx_tim.o(.text)
    TIM_InternalClockConfig                  0x08003c27   Thumb Code    12  stm32f4xx_tim.o(.text)
    TIM_SelectInputTrigger                   0x08003c33   Thumb Code    18  stm32f4xx_tim.o(.text)
    TIM_ITRxExternalClockConfig              0x08003c45   Thumb Code    24  stm32f4xx_tim.o(.text)
    TIM_TIxExternalClockConfig               0x08003c5d   Thumb Code    62  stm32f4xx_tim.o(.text)
    TIM_ETRConfig                            0x08003c9b   Thumb Code    28  stm32f4xx_tim.o(.text)
    TIM_ETRClockMode1Config                  0x08003cb7   Thumb Code    54  stm32f4xx_tim.o(.text)
    TIM_ETRClockMode2Config                  0x08003ced   Thumb Code    32  stm32f4xx_tim.o(.text)
    TIM_SelectOutputTrigger                  0x08003d0d   Thumb Code    18  stm32f4xx_tim.o(.text)
    TIM_SelectSlaveMode                      0x08003d1f   Thumb Code    18  stm32f4xx_tim.o(.text)
    TIM_SelectMasterSlaveMode                0x08003d31   Thumb Code    18  stm32f4xx_tim.o(.text)
    TIM_EncoderInterfaceConfig               0x08003d43   Thumb Code    66  stm32f4xx_tim.o(.text)
    TIM_SelectHallSensor                     0x08003d85   Thumb Code    24  stm32f4xx_tim.o(.text)
    TIM_RemapConfig                          0x08003d9d   Thumb Code     6  stm32f4xx_tim.o(.text)
    EXTI_DeInit                              0x08003da5   Thumb Code    28  stm32f4xx_exti.o(.text)
    EXTI_Init                                0x08003dc1   Thumb Code   142  stm32f4xx_exti.o(.text)
    EXTI_StructInit                          0x08003e4f   Thumb Code    16  stm32f4xx_exti.o(.text)
    EXTI_GenerateSWInterrupt                 0x08003e5f   Thumb Code    16  stm32f4xx_exti.o(.text)
    EXTI_GetFlagStatus                       0x08003e6f   Thumb Code    22  stm32f4xx_exti.o(.text)
    EXTI_ClearFlag                           0x08003e85   Thumb Code     8  stm32f4xx_exti.o(.text)
    EXTI_GetITStatus                         0x08003e8d   Thumb Code    22  stm32f4xx_exti.o(.text)
    EXTI_ClearITPendingBit                   0x08003ea3   Thumb Code     8  stm32f4xx_exti.o(.text)
    __use_no_semihosting                     0x08003eb5   Thumb Code     2  use_no_semi_2.o(.text)
    __2sprintf                               0x08003eb9   Thumb Code    34  noretval__2sprintf.o(.text)
    _printf_int_dec                          0x08003ee1   Thumb Code   104  _printf_dec.o(.text)
    __printf                                 0x08003f59   Thumb Code   270  __printf_wp.o(.text)
    srand                                    0x08004069   Thumb Code    42  rand.o(.text)
    _rand_init                               0x08004093   Thumb Code     4  rand.o(.text)
    __use_two_region_memory                  0x080040a5   Thumb Code     2  heapauxi.o(.text)
    __rt_heap_escrow$2region                 0x080040a7   Thumb Code     2  heapauxi.o(.text)
    __rt_heap_expand$2region                 0x080040a9   Thumb Code     2  heapauxi.o(.text)
    __I$use$semihosting                      0x080040ab   Thumb Code     0  use_no_semi.o(.text)
    __use_no_semihosting_swi                 0x080040ab   Thumb Code     2  use_no_semi.o(.text)
    _printf_int_common                       0x080040ad   Thumb Code   178  _printf_intcommon.o(.text)
    __lib_sel_fp_printf                      0x0800415f   Thumb Code     2  _printf_fp_dec.o(.text)
    _printf_fp_dec_real                      0x08004311   Thumb Code   620  _printf_fp_dec.o(.text)
    _printf_char_common                      0x08004587   Thumb Code    32  _printf_char_common.o(.text)
    _sputc                                   0x080045ad   Thumb Code    10  _sputc.o(.text)
    __rt_locale                              0x080045b9   Thumb Code     8  rt_locale_intlibspace.o(.text)
    _ll_udiv10                               0x080045c1   Thumb Code   138  lludiv10.o(.text)
    _printf_fp_infnan                        0x0800464d   Thumb Code   112  _printf_fp_infnan.o(.text)
    _btod_etento                             0x080046cd   Thumb Code   224  bigflt0.o(.text)
    __user_libspace                          0x080047b1   Thumb Code     8  libspace.o(.text)
    __user_perproc_libspace                  0x080047b1   Thumb Code     0  libspace.o(.text)
    __user_perthread_libspace                0x080047b1   Thumb Code     0  libspace.o(.text)
    __user_setup_stackheap                   0x080047b9   Thumb Code    74  sys_stackheap_outer.o(.text)
    exit                                     0x08004803   Thumb Code    18  exit.o(.text)
    strcmp                                   0x08004815   Thumb Code   128  strcmpv7m.o(.text)
    _btod_d2e                                0x08004895   Thumb Code    62  btod.o(CL$$btod_d2e)
    _d2e_denorm_low                          0x080048d3   Thumb Code    70  btod.o(CL$$btod_d2e_denorm_low)
    _d2e_norm_op1                            0x08004919   Thumb Code    96  btod.o(CL$$btod_d2e_norm_op1)
    __btod_div_common                        0x08004979   Thumb Code   696  btod.o(CL$$btod_div_common)
    _e2e                                     0x08004cb1   Thumb Code   220  btod.o(CL$$btod_e2e)
    _btod_ediv                               0x08004d8d   Thumb Code    42  btod.o(CL$$btod_ediv)
    _btod_emul                               0x08004db7   Thumb Code    42  btod.o(CL$$btod_emul)
    __btod_mult_common                       0x08004de1   Thumb Code   580  btod.o(CL$$btod_mult_common)
    __ARM_fpclassify                         0x08005025   Thumb Code    48  fpclassify.o(i.__ARM_fpclassify)
    __hardfp_fabs                            0x08005055   Thumb Code    20  fabs.o(i.__hardfp_fabs)
    _is_digit                                0x08005069   Thumb Code    14  __printf_wp.o(i._is_digit)
    _get_lc_numeric                          0x08005079   Thumb Code    44  lc_numeric_c.o(locale$$code)
    __aeabi_d2f                              0x080050a5   Thumb Code     0  d2f.o(x$fpl$d2f)
    _d2f                                     0x080050a5   Thumb Code    98  d2f.o(x$fpl$d2f)
    __aeabi_dadd                             0x08005109   Thumb Code     0  daddsub_clz.o(x$fpl$dadd)
    _dadd                                    0x08005109   Thumb Code   332  daddsub_clz.o(x$fpl$dadd)
    __fpl_dcmp_Inf                           0x08005259   Thumb Code    24  dcmpi.o(x$fpl$dcmpinf)
    __aeabi_ddiv                             0x08005271   Thumb Code     0  ddiv.o(x$fpl$ddiv)
    _ddiv                                    0x08005271   Thumb Code   552  ddiv.o(x$fpl$ddiv)
    __aeabi_cdcmple                          0x08005521   Thumb Code     0  dleqf.o(x$fpl$dleqf)
    _dcmple                                  0x08005521   Thumb Code   120  dleqf.o(x$fpl$dleqf)
    __fpl_dcmple_InfNaN                      0x08005583   Thumb Code     0  dleqf.o(x$fpl$dleqf)
    __aeabi_dmul                             0x08005599   Thumb Code     0  dmul.o(x$fpl$dmul)
    _dmul                                    0x08005599   Thumb Code   332  dmul.o(x$fpl$dmul)
    __fpl_dnaninf                            0x080056ed   Thumb Code   156  dnaninf.o(x$fpl$dnaninf)
    __fpl_dretinf                            0x08005789   Thumb Code    12  dretinf.o(x$fpl$dretinf)
    __aeabi_cdrcmple                         0x08005795   Thumb Code     0  drleqf.o(x$fpl$drleqf)
    _drcmple                                 0x08005795   Thumb Code   108  drleqf.o(x$fpl$drleqf)
    __aeabi_dsub                             0x08005801   Thumb Code     0  daddsub_clz.o(x$fpl$dsub)
    _dsub                                    0x08005801   Thumb Code   464  daddsub_clz.o(x$fpl$dsub)
    __aeabi_f2d                              0x080059d5   Thumb Code     0  f2d.o(x$fpl$f2d)
    _f2d                                     0x080059d5   Thumb Code    86  f2d.o(x$fpl$f2d)
    __fpl_fnaninf                            0x08005a2b   Thumb Code   140  fnaninf.o(x$fpl$fnaninf)
    _fp_init                                 0x08005ab7   Thumb Code    10  fpinit.o(x$fpl$fpinit)
    __fplib_config_fpu_vfp                   0x08005abf   Thumb Code     0  fpinit.o(x$fpl$fpinit)
    __fplib_config_pureend_doubles           0x08005abf   Thumb Code     0  fpinit.o(x$fpl$fpinit)
    __fpl_fretinf                            0x08005ac1   Thumb Code    10  fretinf.o(x$fpl$fretinf)
    _printf_fp_dec                           0x08005acb   Thumb Code     4  printf1.o(x$fpl$printf1)
    __I$use$fp                               0x08005ace   Number         0  usenofp.o(x$fpl$usenofp)
    Region$$Table$$Base                      0x08008e64   Number         0  anon$$obj.o(Region$$Table)
    Region$$Table$$Limit                     0x08008e84   Number         0  anon$$obj.o(Region$$Table)
    SystemCoreClock                          0x20000000   Data           4  system_stm32f4xx.o(.data)
    AHBPrescTable                            0x20000004   Data          16  system_stm32f4xx.o(.data)
    jy_901_flag                              0x20000014   Data           1  key.o(.data)
    acc_x                                    0x20000018   Data           2  jy901.o(.data)
    acc_y                                    0x2000001a   Data           2  jy901.o(.data)
    acc_z                                    0x2000001c   Data           2  jy901.o(.data)
    v0                                       0x20000020   Data           4  jy901.o(.data)
    vt                                       0x20000024   Data           4  jy901.o(.data)
    disance                                  0x20000028   Data           4  jy901.o(.data)
    acc_conpe                                0x2000002c   Data           4  jy901.o(.data)
    acc_avg                                  0x20000030   Data           4  jy901.o(.data)
    acc_sum                                  0x20000034   Data           4  jy901.o(.data)
    acc_con_flag                             0x20000038   Data           1  jy901.o(.data)
    RxBuffer                                 0x20000039   Data          20  jy901.o(.data)
    accx                                     0x20000050   Data           4  jy901.o(.data)
    acc_counter                              0x20000054   Data           1  jy901.o(.data)
    adcX1                                    0x20000058   Data           8  lmt70.o(.data)
    a                                        0x20000060   Data           8  lmt70.o(.data)
    b                                        0x20000068   Data           8  lmt70.o(.data)
    c                                        0x20000070   Data           8  lmt70.o(.data)
    tm                                       0x20000078   Data           8  lmt70.o(.data)
    tm2                                      0x20000080   Data           8  lmt70.o(.data)
    iic_temp                                 0x20000088   Data           8  lmt70.o(.data)
    temperate                                0x20000090   Data           8  lmt70.o(.data)
    temperate_dis                            0x20000098   Data           8  lmt70.o(.data)
    Lmt71_flag                               0x200000a0   Data           1  lmt70.o(.data)
    temp_conp                                0x200000a4   Data           4  lmt70.o(.data)
    tem_arrey_flag                           0x200000a8   Data           1  lmt70.o(.data)
    ran                                      0x200000ac   Data           4  lmt70.o(.data)
    t423_flag_time                           0x200000d0   Data           1  timer.o(.data)
    t423_flag                                0x200000d1   Data           1  timer.o(.data)
    asd1292_timer                            0x200000d2   Data           1  timer.o(.data)
    asd1292_flag                             0x200000d3   Data           1  timer.o(.data)
    state_data_timer                         0x200000d4   Data           1  timer.o(.data)
    asd1292_data_timer                       0x200000d5   Data           1  timer.o(.data)
    step_number                              0x200000d7   Data           1  t423.o(.data)
    step_flag                                0x200000d8   Data           1  t423.o(.data)
    step_lenth                               0x200000d9   Data           1  t423.o(.data)
    check                                    0x200000dc   Data           1  data.o(.data)
    temp1                                    0x200000dd   Data           1  data.o(.data)
    temp2                                    0x200000de   Data           1  data.o(.data)
    mode                                     0x200000e4   Data           1  booth.o(.data)
    OLED_GRAM                                0x200000fc   Data        1024  drv_oled.o(.bss)
    stcAcc                                   0x200004fc   Data          14  jy901.o(.bss)
    temp_arrey                               0x20000560   Data          80  lmt70.o(.bss)
    state_data                               0x200005b0   Data          11  asd1292.o(.bss)
    RxBuffer1                                0x200005bb   Data          13  asd1292.o(.bss)
    state_test                               0x200005c8   Data          11  asd1292.o(.bss)
    _random_number_data                      0x200005d4   Data         228  rand.o(.bss)
    __libspace_start                         0x200006b8   Data          96  libspace.o(.bss)
    __temporary_stack_top$libspace           0x20000718   Data           0  libspace.o(.bss)



==============================================================================

Memory Map of the image

  Image Entry point : 0x08000189

  Load Region LR_IROM1 (Base: 0x08000000, Size: 0x00008f9c, Max: 0x00100000, ABSOLUTE)

    Execution Region ER_IROM1 (Exec base: 0x08000000, Load base: 0x08000000, Size: 0x00008ea0, Max: 0x00100000, ABSOLUTE)

    Exec Addr    Load Addr    Size         Type   Attr      Idx    E Section Name        Object

    0x08000000   0x08000000   0x00000188   Data   RO          706    RESET               startup_stm32f40_41xxx.o
    0x08000188   0x08000188   0x00000008   Code   RO          895  * !!!main             c_w.l(__main.o)
    0x08000190   0x08000190   0x00000034   Code   RO         1149    !!!scatter          c_w.l(__scatter.o)
    0x080001c4   0x080001c4   0x0000001a   Code   RO         1151    !!handler_copy      c_w.l(__scatter_copy.o)
    0x080001de   0x080001de   0x00000002   PAD
    0x080001e0   0x080001e0   0x0000001c   Code   RO         1153    !!handler_zi        c_w.l(__scatter_zi.o)
    0x080001fc   0x080001fc   0x00000000   Code   RO          887    .ARM.Collect$$_printf_percent$$00000000  c_w.l(_printf_percent.o)
    0x080001fc   0x080001fc   0x00000006   Code   RO          886    .ARM.Collect$$_printf_percent$$00000003  c_w.l(_printf_f.o)
    0x08000202   0x08000202   0x00000006   Code   RO          885    .ARM.Collect$$_printf_percent$$00000009  c_w.l(_printf_d.o)
    0x08000208   0x08000208   0x00000004   Code   RO          942    .ARM.Collect$$_printf_percent$$00000017  c_w.l(_printf_percent_end.o)
    0x0800020c   0x0800020c   0x00000002   Code   RO         1079    .ARM.Collect$$libinit$$00000000  c_w.l(libinit.o)
    0x0800020e   0x0800020e   0x00000004   Code   RO          943    .ARM.Collect$$libinit$$00000001  c_w.l(libinit2.o)
    0x08000212   0x08000212   0x00000000   Code   RO          946    .ARM.Collect$$libinit$$00000004  c_w.l(libinit2.o)
    0x08000212   0x08000212   0x00000000   Code   RO          949    .ARM.Collect$$libinit$$0000000A  c_w.l(libinit2.o)
    0x08000212   0x08000212   0x00000000   Code   RO          951    .ARM.Collect$$libinit$$0000000C  c_w.l(libinit2.o)
    0x08000212   0x08000212   0x00000004   Code   RO          952    .ARM.Collect$$libinit$$0000000D  c_w.l(libinit2.o)
    0x08000216   0x08000216   0x00000000   Code   RO          953    .ARM.Collect$$libinit$$0000000E  c_w.l(libinit2.o)
    0x08000216   0x08000216   0x00000006   Code   RO          954    .ARM.Collect$$libinit$$0000000F  c_w.l(libinit2.o)
    0x0800021c   0x0800021c   0x00000000   Code   RO          956    .ARM.Collect$$libinit$$00000011  c_w.l(libinit2.o)
    0x0800021c   0x0800021c   0x00000000   Code   RO          958    .ARM.Collect$$libinit$$00000013  c_w.l(libinit2.o)
    0x0800021c   0x0800021c   0x00000000   Code   RO          960    .ARM.Collect$$libinit$$00000015  c_w.l(libinit2.o)
    0x0800021c   0x0800021c   0x0000000a   Code   RO          961    .ARM.Collect$$libinit$$00000016  c_w.l(libinit2.o)
    0x08000226   0x08000226   0x00000000   Code   RO          962    .ARM.Collect$$libinit$$00000017  c_w.l(libinit2.o)
    0x08000226   0x08000226   0x00000000   Code   RO          964    .ARM.Collect$$libinit$$00000019  c_w.l(libinit2.o)
    0x08000226   0x08000226   0x00000000   Code   RO          966    .ARM.Collect$$libinit$$0000001B  c_w.l(libinit2.o)
    0x08000226   0x08000226   0x00000000   Code   RO          968    .ARM.Collect$$libinit$$0000001D  c_w.l(libinit2.o)
    0x08000226   0x08000226   0x00000000   Code   RO          970    .ARM.Collect$$libinit$$0000001F  c_w.l(libinit2.o)
    0x08000226   0x08000226   0x00000000   Code   RO          972    .ARM.Collect$$libinit$$00000021  c_w.l(libinit2.o)
    0x08000226   0x08000226   0x00000000   Code   RO          974    .ARM.Collect$$libinit$$00000023  c_w.l(libinit2.o)
    0x08000226   0x08000226   0x00000000   Code   RO          976    .ARM.Collect$$libinit$$00000025  c_w.l(libinit2.o)
    0x08000226   0x08000226   0x00000000   Code   RO          980    .ARM.Collect$$libinit$$0000002C  c_w.l(libinit2.o)
    0x08000226   0x08000226   0x00000000   Code   RO          982    .ARM.Collect$$libinit$$0000002E  c_w.l(libinit2.o)
    0x08000226   0x08000226   0x00000000   Code   RO          984    .ARM.Collect$$libinit$$00000030  c_w.l(libinit2.o)
    0x08000226   0x08000226   0x00000000   Code   RO          986    .ARM.Collect$$libinit$$00000032  c_w.l(libinit2.o)
    0x08000226   0x08000226   0x00000002   Code   RO          987    .ARM.Collect$$libinit$$00000033  c_w.l(libinit2.o)
    0x08000228   0x08000228   0x00000002   Code   RO         1110    .ARM.Collect$$libshutdown$$00000000  c_w.l(libshutdown.o)
    0x0800022a   0x0800022a   0x00000000   Code   RO         1116    .ARM.Collect$$libshutdown$$00000002  c_w.l(libshutdown2.o)
    0x0800022a   0x0800022a   0x00000000   Code   RO         1118    .ARM.Collect$$libshutdown$$00000004  c_w.l(libshutdown2.o)
    0x0800022a   0x0800022a   0x00000000   Code   RO         1121    .ARM.Collect$$libshutdown$$00000007  c_w.l(libshutdown2.o)
    0x0800022a   0x0800022a   0x00000000   Code   RO         1124    .ARM.Collect$$libshutdown$$0000000A  c_w.l(libshutdown2.o)
    0x0800022a   0x0800022a   0x00000000   Code   RO         1126    .ARM.Collect$$libshutdown$$0000000C  c_w.l(libshutdown2.o)
    0x0800022a   0x0800022a   0x00000000   Code   RO         1129    .ARM.Collect$$libshutdown$$0000000F  c_w.l(libshutdown2.o)
    0x0800022a   0x0800022a   0x00000002   Code   RO         1130    .ARM.Collect$$libshutdown$$00000010  c_w.l(libshutdown2.o)
    0x0800022c   0x0800022c   0x00000000   Code   RO          933    .ARM.Collect$$rtentry$$00000000  c_w.l(__rtentry.o)
    0x0800022c   0x0800022c   0x00000000   Code   RO         1000    .ARM.Collect$$rtentry$$00000002  c_w.l(__rtentry2.o)
    0x0800022c   0x0800022c   0x00000006   Code   RO         1012    .ARM.Collect$$rtentry$$00000004  c_w.l(__rtentry4.o)
    0x08000232   0x08000232   0x00000000   Code   RO         1002    .ARM.Collect$$rtentry$$00000009  c_w.l(__rtentry2.o)
    0x08000232   0x08000232   0x00000004   Code   RO         1003    .ARM.Collect$$rtentry$$0000000A  c_w.l(__rtentry2.o)
    0x08000236   0x08000236   0x00000000   Code   RO         1005    .ARM.Collect$$rtentry$$0000000C  c_w.l(__rtentry2.o)
    0x08000236   0x08000236   0x00000008   Code   RO         1006    .ARM.Collect$$rtentry$$0000000D  c_w.l(__rtentry2.o)
    0x0800023e   0x0800023e   0x00000002   Code   RO         1082    .ARM.Collect$$rtexit$$00000000  c_w.l(rtexit.o)
    0x08000240   0x08000240   0x00000000   Code   RO         1092    .ARM.Collect$$rtexit$$00000002  c_w.l(rtexit2.o)
    0x08000240   0x08000240   0x00000004   Code   RO         1093    .ARM.Collect$$rtexit$$00000003  c_w.l(rtexit2.o)
    0x08000244   0x08000244   0x00000006   Code   RO         1094    .ARM.Collect$$rtexit$$00000004  c_w.l(rtexit2.o)
    0x0800024a   0x0800024a   0x00000002   PAD
    0x0800024c   0x0800024c   0x00000034   Code   RO          888    .emb_text           c_w.l(rand.o)
    0x08000280   0x08000280   0x0000012c   Code   RO            3    .text               main.o
    0x080003ac   0x080003ac   0x0000001a   Code   RO          190    .text               stm32f4xx_it.o
    0x080003c6   0x080003c6   0x00000002   PAD
    0x080003c8   0x080003c8   0x00000210   Code   RO          239    .text               system_stm32f4xx.o
    0x080005d8   0x080005d8   0x00000094   Code   RO          265    .text               key.o
    0x0800066c   0x0800066c   0x0000072c   Code   RO          289    .text               drv_oled.o
    0x08000d98   0x08000d98   0x000000e0   Code   RO          317    .text               adc.o
    0x08000e78   0x08000e78   0x00000348   Code   RO          357    .text               jy901.o
    0x080011c0   0x080011c0   0x00000378   Code   RO          389    .text               lmt70.o
    0x08001538   0x08001538   0x00000190   Code   RO          416    .text               timer.o
    0x080016c8   0x080016c8   0x00000060   Code   RO          467    .text               t423.o
    0x08001728   0x08001728   0x00000134   Code   RO          491    .text               exti.o
    0x0800185c   0x0800185c   0x00000128   Code   RO          544    .text               data.o
    0x08001984   0x08001984   0x000000ac   Code   RO          591    .text               booth.o
    0x08001a30   0x08001a30   0x00000104   Code   RO          614    .text               delay.o
    0x08001b34   0x08001b34   0x00000270   Code   RO          654    .text               usart.o
    0x08001da4   0x08001da4   0x00000464   Code   RO          686    .text               stm32f4xx_adc.o
    0x08002208   0x08002208   0x00000040   Code   RO          707    .text               startup_stm32f40_41xxx.o
    0x08002248   0x08002248   0x000000e0   Code   RO          713    .text               misc.o
    0x08002328   0x08002328   0x00000294   Code   RO          733    .text               stm32f4xx_gpio.o
    0x080025bc   0x080025bc   0x0000065c   Code   RO          753    .text               stm32f4xx_rcc.o
    0x08002c18   0x08002c18   0x00000094   Code   RO          775    .text               stm32f4xx_syscfg.o
    0x08002cac   0x08002cac   0x00000454   Code   RO          795    .text               stm32f4xx_usart.o
    0x08003100   0x08003100   0x00000ca2   Code   RO          815    .text               stm32f4xx_tim.o
    0x08003da2   0x08003da2   0x00000002   PAD
    0x08003da4   0x08003da4   0x00000110   Code   RO          835    .text               stm32f4xx_exti.o
    0x08003eb4   0x08003eb4   0x00000002   Code   RO          855    .text               c_w.l(use_no_semi_2.o)
    0x08003eb6   0x08003eb6   0x00000002   PAD
    0x08003eb8   0x08003eb8   0x00000028   Code   RO          859    .text               c_w.l(noretval__2sprintf.o)
    0x08003ee0   0x08003ee0   0x00000078   Code   RO          863    .text               c_w.l(_printf_dec.o)
    0x08003f58   0x08003f58   0x0000010e   Code   RO          873    .text               c_w.l(__printf_wp.o)
    0x08004066   0x08004066   0x00000002   PAD
    0x08004068   0x08004068   0x0000003c   Code   RO          889    .text               c_w.l(rand.o)
    0x080040a4   0x080040a4   0x00000006   Code   RO          893    .text               c_w.l(heapauxi.o)
    0x080040aa   0x080040aa   0x00000002   Code   RO          931    .text               c_w.l(use_no_semi.o)
    0x080040ac   0x080040ac   0x000000b2   Code   RO          934    .text               c_w.l(_printf_intcommon.o)
    0x0800415e   0x0800415e   0x0000041e   Code   RO          936    .text               c_w.l(_printf_fp_dec.o)
    0x0800457c   0x0800457c   0x00000030   Code   RO          938    .text               c_w.l(_printf_char_common.o)
    0x080045ac   0x080045ac   0x0000000a   Code   RO          940    .text               c_w.l(_sputc.o)
    0x080045b6   0x080045b6   0x00000002   PAD
    0x080045b8   0x080045b8   0x00000008   Code   RO         1017    .text               c_w.l(rt_locale_intlibspace.o)
    0x080045c0   0x080045c0   0x0000008a   Code   RO         1019    .text               c_w.l(lludiv10.o)
    0x0800464a   0x0800464a   0x00000002   PAD
    0x0800464c   0x0800464c   0x00000080   Code   RO         1021    .text               c_w.l(_printf_fp_infnan.o)
    0x080046cc   0x080046cc   0x000000e4   Code   RO         1025    .text               c_w.l(bigflt0.o)
    0x080047b0   0x080047b0   0x00000008   Code   RO         1061    .text               c_w.l(libspace.o)
    0x080047b8   0x080047b8   0x0000004a   Code   RO         1064    .text               c_w.l(sys_stackheap_outer.o)
    0x08004802   0x08004802   0x00000012   Code   RO         1066    .text               c_w.l(exit.o)
    0x08004814   0x08004814   0x00000080   Code   RO         1068    .text               c_w.l(strcmpv7m.o)
    0x08004894   0x08004894   0x0000003e   Code   RO         1028    CL$$btod_d2e        c_w.l(btod.o)
    0x080048d2   0x080048d2   0x00000046   Code   RO         1030    CL$$btod_d2e_denorm_low  c_w.l(btod.o)
    0x08004918   0x08004918   0x00000060   Code   RO         1029    CL$$btod_d2e_norm_op1  c_w.l(btod.o)
    0x08004978   0x08004978   0x00000338   Code   RO         1038    CL$$btod_div_common  c_w.l(btod.o)
    0x08004cb0   0x08004cb0   0x000000dc   Code   RO         1035    CL$$btod_e2e        c_w.l(btod.o)
    0x08004d8c   0x08004d8c   0x0000002a   Code   RO         1032    CL$$btod_ediv       c_w.l(btod.o)
    0x08004db6   0x08004db6   0x0000002a   Code   RO         1031    CL$$btod_emul       c_w.l(btod.o)
    0x08004de0   0x08004de0   0x00000244   Code   RO         1037    CL$$btod_mult_common  c_w.l(btod.o)
    0x08005024   0x08005024   0x00000030   Code   RO         1059    i.__ARM_fpclassify  m_wm.l(fpclassify.o)
    0x08005054   0x08005054   0x00000014   Code   RO          925    i.__hardfp_fabs     m_wm.l(fabs.o)
    0x08005068   0x08005068   0x0000000e   Code   RO          875    i._is_digit         c_w.l(__printf_wp.o)
    0x08005076   0x08005076   0x00000002   PAD
    0x08005078   0x08005078   0x0000002c   Code   RO         1051    locale$$code        c_w.l(lc_numeric_c.o)
    0x080050a4   0x080050a4   0x00000062   Code   RO          897    x$fpl$d2f           fz_wm.l(d2f.o)
    0x08005106   0x08005106   0x00000002   PAD
    0x08005108   0x08005108   0x00000150   Code   RO          899    x$fpl$dadd          fz_wm.l(daddsub_clz.o)
    0x08005258   0x08005258   0x00000018   Code   RO          988    x$fpl$dcmpinf       fz_wm.l(dcmpi.o)
    0x08005270   0x08005270   0x000002b0   Code   RO          906    x$fpl$ddiv          fz_wm.l(ddiv.o)
    0x08005520   0x08005520   0x00000078   Code   RO          915    x$fpl$dleqf         fz_wm.l(dleqf.o)
    0x08005598   0x08005598   0x00000154   Code   RO          917    x$fpl$dmul          fz_wm.l(dmul.o)
    0x080056ec   0x080056ec   0x0000009c   Code   RO          990    x$fpl$dnaninf       fz_wm.l(dnaninf.o)
    0x08005788   0x08005788   0x0000000c   Code   RO          992    x$fpl$dretinf       fz_wm.l(dretinf.o)
    0x08005794   0x08005794   0x0000006c   Code   RO          919    x$fpl$drleqf        fz_wm.l(drleqf.o)
    0x08005800   0x08005800   0x000001d4   Code   RO          901    x$fpl$dsub          fz_wm.l(daddsub_clz.o)
    0x080059d4   0x080059d4   0x00000056   Code   RO          921    x$fpl$f2d           fz_wm.l(f2d.o)
    0x08005a2a   0x08005a2a   0x0000008c   Code   RO          994    x$fpl$fnaninf       fz_wm.l(fnaninf.o)
    0x08005ab6   0x08005ab6   0x0000000a   Code   RO         1055    x$fpl$fpinit        fz_wm.l(fpinit.o)
    0x08005ac0   0x08005ac0   0x0000000a   Code   RO          996    x$fpl$fretinf       fz_wm.l(fretinf.o)
    0x08005aca   0x08005aca   0x00000004   Code   RO          923    x$fpl$printf1       fz_wm.l(printf1.o)
    0x08005ace   0x08005ace   0x00000000   Code   RO          998    x$fpl$usenofp       fz_wm.l(usenofp.o)
    0x08005ace   0x08005ace   0x00000002   PAD
    0x08005ad0   0x08005ad0   0x00003300   Data   RO          291    .constdata          drv_oled.o
    0x08008dd0   0x08008dd0   0x00000094   Data   RO         1026    .constdata          c_w.l(bigflt0.o)
    0x08008e64   0x08008e64   0x00000020   Data   RO         1147    Region$$Table       anon$$obj.o
    0x08008e84   0x08008e84   0x0000001c   Data   RO         1050    locale$$data        c_w.l(lc_numeric_c.o)


    Execution Region RW_IRAM1 (Exec base: 0x20000000, Load base: 0x08008ea0, Size: 0x00000d18, Max: 0x00020000, ABSOLUTE)

    Exec Addr    Load Addr    Size         Type   Attr      Idx    E Section Name        Object

    0x20000000   0x08008ea0   0x00000014   Data   RW          240    .data               system_stm32f4xx.o
    0x20000014   0x08008eb4   0x00000002   Data   RW          266    .data               key.o
    0x20000016   0x08008eb6   0x00000002   PAD
    0x20000018   0x08008eb8   0x00000040   Data   RW          359    .data               jy901.o
    0x20000058   0x08008ef8   0x00000078   Data   RW          391    .data               lmt70.o
    0x200000d0   0x08008f70   0x00000007   Data   RW          417    .data               timer.o
    0x200000d7   0x08008f77   0x00000003   Data   RW          468    .data               t423.o
    0x200000da   0x08008f7a   0x00000002   PAD
    0x200000dc   0x08008f7c   0x00000008   Data   RW          545    .data               data.o
    0x200000e4   0x08008f84   0x00000001   Data   RW          592    .data               booth.o
    0x200000e5   0x08008f85   0x00000001   PAD
    0x200000e6   0x08008f86   0x00000004   Data   RW          615    .data               delay.o
    0x200000ea   0x08008f8a   0x00000010   Data   RW          754    .data               stm32f4xx_rcc.o
    0x200000fa   0x08008f9a   0x00000002   PAD
    0x200000fc        -       0x00000400   Zero   RW          290    .bss                drv_oled.o
    0x200004fc        -       0x00000060   Zero   RW          358    .bss                jy901.o
    0x2000055c   0x08008f9a   0x00000004   PAD
    0x20000560        -       0x00000050   Zero   RW          390    .bss                lmt70.o
    0x200005b0        -       0x00000023   Zero   RW          517    .bss                asd1292.o
    0x200005d3   0x08008f9a   0x00000001   PAD
    0x200005d4        -       0x000000e4   Zero   RW          890    .bss                c_w.l(rand.o)
    0x200006b8        -       0x00000060   Zero   RW         1062    .bss                c_w.l(libspace.o)
    0x20000718        -       0x00000200   Zero   RW          705    HEAP                startup_stm32f40_41xxx.o
    0x20000918        -       0x00000400   Zero   RW          704    STACK               startup_stm32f40_41xxx.o


==============================================================================

Image component sizes


      Code (inc. data)   RO Data    RW Data    ZI Data      Debug   Object Name

       224         10          0          0          0       1159   adc.o
         0          0          0          0         35        668   asd1292.o
       172         10          0          1          0        891   booth.o
       296         48          0          8          0        908   data.o
       260          8          0          4          0       1477   delay.o
      1836         50      13056          0       1024       6763   drv_oled.o
       308         28          0          0          0       1157   exti.o
       840        102          0         64         96       2549   jy901.o
       148         16          0          2          0        938   key.o
       888        140          0        120         80       2014   lmt70.o
       300         66          0          0          0     299131   main.o
       224         20          0          0          0       1817   misc.o
        64         26        392          0       1536        832   startup_stm32f40_41xxx.o
      1124         24          0          0          0      10686   stm32f4xx_adc.o
       272         10          0          0          0       2287   stm32f4xx_exti.o
       660         44          0          0          0       4157   stm32f4xx_gpio.o
        26          0          0          0          0       1222   stm32f4xx_it.o
      1628         52          0         16          0      13032   stm32f4xx_rcc.o
       148         12          0          0          0       1845   stm32f4xx_syscfg.o
      3234         60          0          0          0      23012   stm32f4xx_tim.o
      1108         34          0          0          0       7880   stm32f4xx_usart.o
       528         46          0         20          0       1775   system_stm32f4xx.o
        96         12          0          3          0        930   t423.o
       400         46          0          7          0       1828   timer.o
       624         22          0          0          0       4148   usart.o

    ----------------------------------------------------------------------
     15412        886      13480        252       2776     393106   Object Totals
         0          0         32          0          0          0   (incl. Generated)
         4          0          0          7          5          0   (incl. Padding)

    ----------------------------------------------------------------------

      Code (inc. data)   RO Data    RW Data    ZI Data      Debug   Library Member Name

         8          0          0          0          0         68   __main.o
       284          0          0          0          0        156   __printf_wp.o
         0          0          0          0          0          0   __rtentry.o
        12          0          0          0          0          0   __rtentry2.o
         6          0          0          0          0          0   __rtentry4.o
        52          8          0          0          0          0   __scatter.o
        26          0          0          0          0          0   __scatter_copy.o
        28          0          0          0          0          0   __scatter_zi.o
        48          6          0          0          0         96   _printf_char_common.o
         6          0          0          0          0          0   _printf_d.o
       120         16          0          0          0         92   _printf_dec.o
         6          0          0          0          0          0   _printf_f.o
      1054          0          0          0          0        216   _printf_fp_dec.o
       128         16          0          0          0         84   _printf_fp_infnan.o
       178          0          0          0          0         88   _printf_intcommon.o
         0          0          0          0          0          0   _printf_percent.o
         4          0          0          0          0          0   _printf_percent_end.o
        10          0          0          0          0         68   _sputc.o
       228          4        148          0          0         96   bigflt0.o
      1936        128          0          0          0        672   btod.o
        18          0          0          0          0         80   exit.o
         6          0          0          0          0        152   heapauxi.o
        44         10         28          0          0         76   lc_numeric_c.o
         2          0          0          0          0          0   libinit.o
        26          0          0          0          0          0   libinit2.o
         2          0          0          0          0          0   libshutdown.o
         2          0          0          0          0          0   libshutdown2.o
         8          4          0          0         96         68   libspace.o
       138          0          0          0          0         80   lludiv10.o
        40          6          0          0          0         84   noretval__2sprintf.o
       112         18          0          0        228        160   rand.o
         8          4          0          0          0         68   rt_locale_intlibspace.o
         2          0          0          0          0          0   rtexit.o
        10          0          0          0          0          0   rtexit2.o
       128          0          0          0          0         68   strcmpv7m.o
        74          0          0          0          0         80   sys_stackheap_outer.o
         2          0          0          0          0         68   use_no_semi.o
         2          0          0          0          0         68   use_no_semi_2.o
        98          4          0          0          0        140   d2f.o
       804         16          0          0          0        368   daddsub_clz.o
        24          0          0          0          0        116   dcmpi.o
       688        140          0          0          0        256   ddiv.o
       120          4          0          0          0        140   dleqf.o
       340         12          0          0          0        152   dmul.o
       156          4          0          0          0        140   dnaninf.o
        12          0          0          0          0        116   dretinf.o
       108          0          0          0          0        128   drleqf.o
        86          4          0          0          0        132   f2d.o
       140          4          0          0          0        132   fnaninf.o
        10          0          0          0          0        116   fpinit.o
        10          0          0          0          0        116   fretinf.o
         4          0          0          0          0        116   printf1.o
         0          0          0          0          0          0   usenofp.o
        20          0          0          0          0        124   fabs.o
        48          0          0          0          0        124   fpclassify.o

    ----------------------------------------------------------------------
      7444        408        176          0        324       5104   Library Totals
        18          0          0          0          0          0   (incl. Padding)

    ----------------------------------------------------------------------

      Code (inc. data)   RO Data    RW Data    ZI Data      Debug   Library Name

      4758        220        176          0        324       2688   c_w.l
      2600        188          0          0          0       2168   fz_wm.l
        68          0          0          0          0        248   m_wm.l

    ----------------------------------------------------------------------
      7444        408        176          0        324       5104   Library Totals

    ----------------------------------------------------------------------

==============================================================================


      Code (inc. data)   RO Data    RW Data    ZI Data      Debug   

     22856       1294      13656        252       3100     390854   Grand Totals
     22856       1294      13656        252       3100     390854   ELF Image Totals
     22856       1294      13656        252          0          0   ROM Totals

==============================================================================

    Total RO  Size (Code + RO Data)                36512 (  35.66kB)
    Total RW  Size (RW Data + ZI Data)              3352 (   3.27kB)
    Total ROM Size (Code + RO Data + RW Data)      36764 (  35.90kB)

==============================================================================

